02:17:49 **** Clean-only build of configuration Debug for project initial_demo ****
make clean 
rm -rf  ./src/video_capture/video_capture.o  ./src/vdma/vdma.o  ./src/timer_ps/timer_ps.o  ./src/intc/intc.o  ./src/dynclk/dynclk.o  ./src/display_ctrl/display_ctrl.o  ./src/echo.o ./src/i2c_access.o ./src/iic_phyreset.o ./src/main.o ./src/platform.o ./src/platform_mb.o ./src/platform_ppc.o ./src/platform_zynq.o ./src/platform_zynqmp.o ./src/sfp.o ./src/si5324.o ./src/video_demo.o  ./src/video_capture/video_capture.d  ./src/vdma/vdma.d  ./src/timer_ps/timer_ps.d  ./src/intc/intc.d  ./src/dynclk/dynclk.d  ./src/display_ctrl/display_ctrl.d  ./src/echo.d ./src/i2c_access.d ./src/iic_phyreset.d ./src/main.d ./src/platform.d ./src/platform_mb.d ./src/platform_ppc.d ./src/platform_zynq.d ./src/platform_zynqmp.d ./src/sfp.d ./src/si5324.d ./src/video_demo.d  initial_demo.elf.size  initial_demo.elf
' '
02:17:49 **** Clean-only build of project standalone_bsp_1 ****
make -k clean 
make -C microblaze_0/libsrc/axidma_v9_7/src -s clean 
make -C microblaze_0/libsrc/axiethernet_v5_7/src -s clean 
make -C microblaze_0/libsrc/axivdma_v6_5/src -s clean 
make -C microblaze_0/libsrc/bram_v4_2/src -s clean 
make -C microblaze_0/libsrc/cpu_v2_7/src -s clean 
make -C microblaze_0/libsrc/gpio_v4_3/src -s clean 
make -C microblaze_0/libsrc/input_from_mb_extended_v1_0/src -s clean 
rm: cannot lstat `*.o': Invalid argument
make[1]: *** [clean] Error 1
make: *** [microblaze_0/libsrc/input_from_mb_extended_v1_0/src/make.clean] Error 2
make -C microblaze_0/libsrc/intc_v3_7/src -s clean 
make -C microblaze_0/libsrc/llfifo_v5_2/src -s clean 
make -C microblaze_0/libsrc/lwip202_v1_1/src -s clean 
make -C microblaze_0/libsrc/standalone_v6_7/src -s clean 
make -C microblaze_0/libsrc/tmrctr_v4_4/src -s clean 
make -C microblaze_0/libsrc/uartlite_v3_2/src -s clean 
make -C microblaze_0/libsrc/vtc_v7_2/src -s clean 
make: Target `clean' not remade because of errors.
02:17:52 **** Build of project standalone_bsp_1 ****
make -k all 
"Running Make include in microblaze_0/libsrc/axidma_v9_7/src"
make -C microblaze_0/libsrc/axidma_v9_7/src -s include  "SHELL=CMD" "COMPILER=mb-gcc" "ARCHIVER=mb-ar" "COMPILER_FLAGS=  -O2 -c -mcpu=v10.0 -mhard-float -mlittle-endian -mno-xl-soft-div -mno-xl-soft-mul -mxl-barrel-shift -mxl-float-convert -mxl-float-sqrt -mxl-multiply-high -mxl-pattern-compare" "EXTRA_COMPILER_FLAGS=-ffunction-sections -fdata-sections -Wall -Wextra"
"Running Make include in microblaze_0/libsrc/axiethernet_v5_7/src"
make -C microblaze_0/libsrc/axiethernet_v5_7/src -s include  "SHELL=CMD" "COMPILER=mb-gcc" "ARCHIVER=mb-ar" "COMPILER_FLAGS=  -O2 -c -mcpu=v10.0 -mhard-float -mlittle-endian -mno-xl-soft-div -mno-xl-soft-mul -mxl-barrel-shift -mxl-float-convert -mxl-float-sqrt -mxl-multiply-high -mxl-pattern-compare" "EXTRA_COMPILER_FLAGS=-ffunction-sections -fdata-sections -Wall -Wextra"
"Running Make include in microblaze_0/libsrc/axivdma_v6_5/src"
make -C microblaze_0/libsrc/axivdma_v6_5/src -s include  "SHELL=CMD" "COMPILER=mb-gcc" "ARCHIVER=mb-ar" "COMPILER_FLAGS=  -O2 -c -mcpu=v10.0 -mhard-float -mlittle-endian -mno-xl-soft-div -mno-xl-soft-mul -mxl-barrel-shift -mxl-float-convert -mxl-float-sqrt -mxl-multiply-high -mxl-pattern-compare" "EXTRA_COMPILER_FLAGS=-ffunction-sections -fdata-sections -Wall -Wextra"
"Running Make include in microblaze_0/libsrc/bram_v4_2/src"
make -C microblaze_0/libsrc/bram_v4_2/src -s include  "SHELL=CMD" "COMPILER=mb-gcc" "ARCHIVER=mb-ar" "COMPILER_FLAGS=  -O2 -c -mcpu=v10.0 -mhard-float -mlittle-endian -mno-xl-soft-div -mno-xl-soft-mul -mxl-barrel-shift -mxl-float-convert -mxl-float-sqrt -mxl-multiply-high -mxl-pattern-compare" "EXTRA_COMPILER_FLAGS=-ffunction-sections -fdata-sections -Wall -Wextra"
"Running Make include in microblaze_0/libsrc/cpu_v2_7/src"
make -C microblaze_0/libsrc/cpu_v2_7/src -s include  "SHELL=CMD" "COMPILER=mb-gcc" "ARCHIVER=mb-ar" "COMPILER_FLAGS=  -O2 -c -mcpu=v10.0 -mhard-float -mlittle-endian -mno-xl-soft-div -mno-xl-soft-mul -mxl-barrel-shift -mxl-float-convert -mxl-float-sqrt -mxl-multiply-high -mxl-pattern-compare" "EXTRA_COMPILER_FLAGS=-ffunction-sections -fdata-sections -Wall -Wextra"
"Running Make include in microblaze_0/libsrc/gpio_v4_3/src"
make -C microblaze_0/libsrc/gpio_v4_3/src -s include  "SHELL=CMD" "COMPILER=mb-gcc" "ARCHIVER=mb-ar" "COMPILER_FLAGS=  -O2 -c -mcpu=v10.0 -mhard-float -mlittle-endian -mno-xl-soft-div -mno-xl-soft-mul -mxl-barrel-shift -mxl-float-convert -mxl-float-sqrt -mxl-multiply-high -mxl-pattern-compare" "EXTRA_COMPILER_FLAGS=-ffunction-sections -fdata-sections -Wall -Wextra"
"Running Make include in microblaze_0/libsrc/input_from_mb_extended_v1_0/src"
make -C microblaze_0/libsrc/input_from_mb_extended_v1_0/src -s include  "SHELL=CMD" "COMPILER=mb-gcc" "ARCHIVER=mb-ar" "COMPILER_FLAGS=  -O2 -c -mcpu=v10.0 -mhard-float -mlittle-endian -mno-xl-soft-div -mno-xl-soft-mul -mxl-barrel-shift -mxl-float-convert -mxl-float-sqrt -mxl-multiply-high -mxl-pattern-compare" "EXTRA_COMPILER_FLAGS=-ffunction-sections -fdata-sections -Wall -Wextra"
"Running Make include in microblaze_0/libsrc/intc_v3_7/src"
make -C microblaze_0/libsrc/intc_v3_7/src -s include  "SHELL=CMD" "COMPILER=mb-gcc" "ARCHIVER=mb-ar" "COMPILER_FLAGS=  -O2 -c -mcpu=v10.0 -mhard-float -mlittle-endian -mno-xl-soft-div -mno-xl-soft-mul -mxl-barrel-shift -mxl-float-convert -mxl-float-sqrt -mxl-multiply-high -mxl-pattern-compare" "EXTRA_COMPILER_FLAGS=-ffunction-sections -fdata-sections -Wall -Wextra"
"Running Make include in microblaze_0/libsrc/llfifo_v5_2/src"
make -C microblaze_0/libsrc/llfifo_v5_2/src -s include  "SHELL=CMD" "COMPILER=mb-gcc" "ARCHIVER=mb-ar" "COMPILER_FLAGS=  -O2 -c -mcpu=v10.0 -mhard-float -mlittle-endian -mno-xl-soft-div -mno-xl-soft-mul -mxl-barrel-shift -mxl-float-convert -mxl-float-sqrt -mxl-multiply-high -mxl-pattern-compare" "EXTRA_COMPILER_FLAGS=-ffunction-sections -fdata-sections -Wall -Wextra"
"Running Make include in microblaze_0/libsrc/lwip202_v1_1/src"
make -C microblaze_0/libsrc/lwip202_v1_1/src -s include  "SHELL=CMD" "COMPILER=mb-gcc" "ARCHIVER=mb-ar" "COMPILER_FLAGS=  -O2 -c -mcpu=v10.0 -mhard-float -mlittle-endian -mno-xl-soft-div -mno-xl-soft-mul -mxl-barrel-shift -mxl-float-convert -mxl-float-sqrt -mxl-multiply-high -mxl-pattern-compare" "EXTRA_COMPILER_FLAGS=-ffunction-sections -fdata-sections -Wall -Wextra"
"Running Make include in microblaze_0/libsrc/standalone_v6_7/src"
make -C microblaze_0/libsrc/standalone_v6_7/src -s include  "SHELL=CMD" "COMPILER=mb-gcc" "ARCHIVER=mb-ar" "COMPILER_FLAGS=  -O2 -c -mcpu=v10.0 -mhard-float -mlittle-endian -mno-xl-soft-div -mno-xl-soft-mul -mxl-barrel-shift -mxl-float-convert -mxl-float-sqrt -mxl-multiply-high -mxl-pattern-compare" "EXTRA_COMPILER_FLAGS=-ffunction-sections -fdata-sections -Wall -Wextra"
"Running Make include in microblaze_0/libsrc/tmrctr_v4_4/src"
make -C microblaze_0/libsrc/tmrctr_v4_4/src -s include  "SHELL=CMD" "COMPILER=mb-gcc" "ARCHIVER=mb-ar" "COMPILER_FLAGS=  -O2 -c -mcpu=v10.0 -mhard-float -mlittle-endian -mno-xl-soft-div -mno-xl-soft-mul -mxl-barrel-shift -mxl-float-convert -mxl-float-sqrt -mxl-multiply-high -mxl-pattern-compare" "EXTRA_COMPILER_FLAGS=-ffunction-sections -fdata-sections -Wall -Wextra"
"Running Make include in microblaze_0/libsrc/uartlite_v3_2/src"
make -C microblaze_0/libsrc/uartlite_v3_2/src -s include  "SHELL=CMD" "COMPILER=mb-gcc" "ARCHIVER=mb-ar" "COMPILER_FLAGS=  -O2 -c -mcpu=v10.0 -mhard-float -mlittle-endian -mno-xl-soft-div -mno-xl-soft-mul -mxl-barrel-shift -mxl-float-convert -mxl-float-sqrt -mxl-multiply-high -mxl-pattern-compare" "EXTRA_COMPILER_FLAGS=-ffunction-sections -fdata-sections -Wall -Wextra"
"Running Make include in microblaze_0/libsrc/vtc_v7_2/src"
make -C microblaze_0/libsrc/vtc_v7_2/src -s include  "SHELL=CMD" "COMPILER=mb-gcc" "ARCHIVER=mb-ar" "COMPILER_FLAGS=  -O2 -c -mcpu=v10.0 -mhard-float -mlittle-endian -mno-xl-soft-div -mno-xl-soft-mul -mxl-barrel-shift -mxl-float-convert -mxl-float-sqrt -mxl-multiply-high -mxl-pattern-compare" "EXTRA_COMPILER_FLAGS=-ffunction-sections -fdata-sections -Wall -Wextra"
"Running Make libs in microblaze_0/libsrc/axidma_v9_7/src"
make -C microblaze_0/libsrc/axidma_v9_7/src -s libs  "SHELL=CMD" "COMPILER=mb-gcc" "ARCHIVER=mb-ar" "COMPILER_FLAGS=  -O2 -c -mcpu=v10.0 -mhard-float -mlittle-endian -mno-xl-soft-div -mno-xl-soft-mul -mxl-barrel-shift -mxl-float-convert -mxl-float-sqrt -mxl-multiply-high -mxl-pattern-compare" "EXTRA_COMPILER_FLAGS=-ffunction-sections -fdata-sections -Wall -Wextra"
"Compiling axidma"
"Running Make libs in microblaze_0/libsrc/axiethernet_v5_7/src"
make -C microblaze_0/libsrc/axiethernet_v5_7/src -s libs  "SHELL=CMD" "COMPILER=mb-gcc" "ARCHIVER=mb-ar" "COMPILER_FLAGS=  -O2 -c -mcpu=v10.0 -mhard-float -mlittle-endian -mno-xl-soft-div -mno-xl-soft-mul -mxl-barrel-shift -mxl-float-convert -mxl-float-sqrt -mxl-multiply-high -mxl-pattern-compare" "EXTRA_COMPILER_FLAGS=-ffunction-sections -fdata-sections -Wall -Wextra"
"Compiling axiethernet"
"Running Make libs in microblaze_0/libsrc/axivdma_v6_5/src"
make -C microblaze_0/libsrc/axivdma_v6_5/src -s libs  "SHELL=CMD" "COMPILER=mb-gcc" "ARCHIVER=mb-ar" "COMPILER_FLAGS=  -O2 -c -mcpu=v10.0 -mhard-float -mlittle-endian -mno-xl-soft-div -mno-xl-soft-mul -mxl-barrel-shift -mxl-float-convert -mxl-float-sqrt -mxl-multiply-high -mxl-pattern-compare" "EXTRA_COMPILER_FLAGS=-ffunction-sections -fdata-sections -Wall -Wextra"
"Compiling axivdma"
"Running Make libs in microblaze_0/libsrc/bram_v4_2/src"
make -C microblaze_0/libsrc/bram_v4_2/src -s libs  "SHELL=CMD" "COMPILER=mb-gcc" "ARCHIVER=mb-ar" "COMPILER_FLAGS=  -O2 -c -mcpu=v10.0 -mhard-float -mlittle-endian -mno-xl-soft-div -mno-xl-soft-mul -mxl-barrel-shift -mxl-float-convert -mxl-float-sqrt -mxl-multiply-high -mxl-pattern-compare" "EXTRA_COMPILER_FLAGS=-ffunction-sections -fdata-sections -Wall -Wextra"
"Compiling bram"
"Running Make libs in microblaze_0/libsrc/cpu_v2_7/src"
make -C microblaze_0/libsrc/cpu_v2_7/src -s libs  "SHELL=CMD" "COMPILER=mb-gcc" "ARCHIVER=mb-ar" "COMPILER_FLAGS=  -O2 -c -mcpu=v10.0 -mhard-float -mlittle-endian -mno-xl-soft-div -mno-xl-soft-mul -mxl-barrel-shift -mxl-float-convert -mxl-float-sqrt -mxl-multiply-high -mxl-pattern-compare" "EXTRA_COMPILER_FLAGS=-ffunction-sections -fdata-sections -Wall -Wextra"
"Compiling cpu"
"Running Make libs in microblaze_0/libsrc/gpio_v4_3/src"
make -C microblaze_0/libsrc/gpio_v4_3/src -s libs  "SHELL=CMD" "COMPILER=mb-gcc" "ARCHIVER=mb-ar" "COMPILER_FLAGS=  -O2 -c -mcpu=v10.0 -mhard-float -mlittle-endian -mno-xl-soft-div -mno-xl-soft-mul -mxl-barrel-shift -mxl-float-convert -mxl-float-sqrt -mxl-multiply-high -mxl-pattern-compare" "EXTRA_COMPILER_FLAGS=-ffunction-sections -fdata-sections -Wall -Wextra"
"Compiling gpio"
"Running Make libs in microblaze_0/libsrc/input_from_mb_extended_v1_0/src"
make -C microblaze_0/libsrc/input_from_mb_extended_v1_0/src -s libs  "SHELL=CMD" "COMPILER=mb-gcc" "ARCHIVER=mb-ar" "COMPILER_FLAGS=  -O2 -c -mcpu=v10.0 -mhard-float -mlittle-endian -mno-xl-soft-div -mno-xl-soft-mul -mxl-barrel-shift -mxl-float-convert -mxl-float-sqrt -mxl-multiply-high -mxl-pattern-compare" "EXTRA_COMPILER_FLAGS=-ffunction-sections -fdata-sections -Wall -Wextra"
"Compiling input_from_mb_extended..."
input_from_mb_extended_selftest.c: In function 'INPUT_FROM_MB_EXTENDED_Reg_SelfTest':
input_from_mb_extended_selftest.c:52:71: warning: comparison between signed and unsigned integer expressions [-Wsign-compare]
    if ( INPUT_FROM_MB_EXTENDED_mReadReg (baseaddr, read_loop_index*4) != (read_loop_index+1)*READ_WRITE_MUL_FACTOR){
                                                                       ^~
input_from_mb_extended_selftest.c:36:6: warning: unused variable 'Index' [-Wunused-variable]
  int Index;
      ^~~~~
"Running Make libs in microblaze_0/libsrc/intc_v3_7/src"
make -C microblaze_0/libsrc/intc_v3_7/src -s libs  "SHELL=CMD" "COMPILER=mb-gcc" "ARCHIVER=mb-ar" "COMPILER_FLAGS=  -O2 -c -mcpu=v10.0 -mhard-float -mlittle-endian -mno-xl-soft-div -mno-xl-soft-mul -mxl-barrel-shift -mxl-float-convert -mxl-float-sqrt -mxl-multiply-high -mxl-pattern-compare" "EXTRA_COMPILER_FLAGS=-ffunction-sections -fdata-sections -Wall -Wextra"
"Compiling intc"
"Running Make libs in microblaze_0/libsrc/llfifo_v5_2/src"
make -C microblaze_0/libsrc/llfifo_v5_2/src -s libs  "SHELL=CMD" "COMPILER=mb-gcc" "ARCHIVER=mb-ar" "COMPILER_FLAGS=  -O2 -c -mcpu=v10.0 -mhard-float -mlittle-endian -mno-xl-soft-div -mno-xl-soft-mul -mxl-barrel-shift -mxl-float-convert -mxl-float-sqrt -mxl-multiply-high -mxl-pattern-compare" "EXTRA_COMPILER_FLAGS=-ffunction-sections -fdata-sections -Wall -Wextra"
"Compiling llfifo"
"Running Make libs in microblaze_0/libsrc/lwip202_v1_1/src"
make -C microblaze_0/libsrc/lwip202_v1_1/src -s libs  "SHELL=CMD" "COMPILER=mb-gcc" "ARCHIVER=mb-ar" "COMPILER_FLAGS=  -O2 -c -mcpu=v10.0 -mhard-float -mlittle-endian -mno-xl-soft-div -mno-xl-soft-mul -mxl-barrel-shift -mxl-float-convert -mxl-float-sqrt -mxl-multiply-high -mxl-pattern-compare" "EXTRA_COMPILER_FLAGS=-ffunction-sections -fdata-sections -Wall -Wextra"
"Compiling lwip src and adapter files"
contrib/ports/xilinx/netif/xaxiemacif_hw.c: In function 'init_axiemac':
contrib/ports/xilinx/netif/xaxiemacif_hw.c:56:11: warning: unused variable 'mac_address' [-Wunused-variable]
  unsigned mac_address = (unsigned)(UINTPTR)(netif->state);
           ^~~~~~~~~~~
contrib/ports/xilinx/netif/xaxiemacif_physpeed.c: In function 'get_phy_negotiated_speed':
contrib/ports/xilinx/netif/xaxiemacif_physpeed.c:219:6: warning: unused variable 'temp' [-Wunused-variable]
  u16 temp;
      ^~~~
contrib/ports/xilinx/netif/xaxiemacif_physpeed.c: In function 'get_IEEE_phy_speed':
contrib/ports/xilinx/netif/xaxiemacif_physpeed.c:617:1: warning: control reaches end of non-void function [-Wreturn-type]
 }
 ^
contrib/ports/xilinx/netif/xaxiemacif.c: In function 'xaxiemacif_init':
contrib/ports/xilinx/netif/xaxiemacif.c:692:16: warning: assignment from incompatible pointer type [-Wincompatible-pointer-types]
  netif->output = xaxiemacif_output;
                ^
In file included from ../../../include/lwip/ip_addr.h:41:0,
                 from ../../../include/lwip/inet_chksum.h:43,
                 from contrib/ports/xilinx/netif/xaxiemacif_dma.c:49:
contrib/ports/xilinx/netif/xaxiemacif_dma.c: In function 'is_checksum_valid':
contrib/ports/xilinx/netif/xaxiemacif_dma.c:205:6: warning: passing argument 2 of 'inet_chksum_pseudo' makes integer from pointer without a cast [-Wint-conversion]
      (ip_addr_t *)&ehdr->ip.src, (ip_addr_t *)&ehdr->ip.dest,
      ^
../../../include/lwip/def.h:96:29: note: in definition of macro 'htons'
 #define htons(x) lwip_htons(x)
                             ^
In file included from contrib/ports/xilinx/netif/xaxiemacif_dma.c:49:0:
../../../include/lwip/inet_chksum.h:81:7: note: expected 'u8_t {aka unsigned char}' but argument is of type 'ip_addr_t * {aka struct ip4_addr *}'
 u16_t inet_chksum_pseudo(struct pbuf *p, u8_t proto, u16_t proto_len,
       ^~~~~~~~~~~~~~~~~~
In file included from ../../../include/lwip/ip_addr.h:41:0,
                 from ../../../include/lwip/inet_chksum.h:43,
                 from contrib/ports/xilinx/netif/xaxiemacif_dma.c:49:
contrib/ports/xilinx/netif/xaxiemacif_dma.c:205:34: warning: passing argument 3 of 'inet_chksum_pseudo' makes integer from pointer without a cast [-Wint-conversion]
      (ip_addr_t *)&ehdr->ip.src, (ip_addr_t *)&ehdr->ip.dest,
                                  ^
../../../include/lwip/def.h:96:29: note: in definition of macro 'htons'
 #define htons(x) lwip_htons(x)
                             ^
In file included from contrib/ports/xilinx/netif/xaxiemacif_dma.c:49:0:
../../../include/lwip/inet_chksum.h:81:7: note: expected 'u16_t {aka short unsigned int}' but argument is of type 'ip_addr_t * {aka struct ip4_addr *}'
 u16_t inet_chksum_pseudo(struct pbuf *p, u8_t proto, u16_t proto_len,
       ^~~~~~~~~~~~~~~~~~
In file included from ../../../include/lwip/ip_addr.h:41:0,
                 from ../../../include/lwip/inet_chksum.h:43,
                 from contrib/ports/xilinx/netif/xaxiemacif_dma.c:49:
contrib/ports/xilinx/netif/xaxiemacif_dma.c:206:6: warning: passing argument 4 of 'inet_chksum_pseudo' makes pointer from integer without a cast [-Wint-conversion]
      proto, tcp_payload_len));
      ^
../../../include/lwip/def.h:96:29: note: in definition of macro 'htons'
 #define htons(x) lwip_htons(x)
                             ^
In file included from contrib/ports/xilinx/netif/xaxiemacif_dma.c:49:0:
../../../include/lwip/inet_chksum.h:81:7: note: expected 'const ip4_addr_t * {aka const struct ip4_addr *}' but argument is of type 'u8_t {aka unsigned char}'
 u16_t inet_chksum_pseudo(struct pbuf *p, u8_t proto, u16_t proto_len,
       ^~~~~~~~~~~~~~~~~~
In file included from ../../../include/lwip/ip_addr.h:41:0,
                 from ../../../include/lwip/inet_chksum.h:43,
                 from contrib/ports/xilinx/netif/xaxiemacif_dma.c:49:
contrib/ports/xilinx/netif/xaxiemacif_dma.c:206:13: warning: passing argument 5 of 'inet_chksum_pseudo' makes pointer from integer without a cast [-Wint-conversion]
      proto, tcp_payload_len));
             ^
../../../include/lwip/def.h:96:29: note: in definition of macro 'htons'
 #define htons(x) lwip_htons(x)
                             ^
In file included from contrib/ports/xilinx/netif/xaxiemacif_dma.c:49:0:
../../../include/lwip/inet_chksum.h:81:7: note: expected 'const ip4_addr_t * {aka const struct ip4_addr *}' but argument is of type 'u16_t {aka short unsigned int}'
 u16_t inet_chksum_pseudo(struct pbuf *p, u8_t proto, u16_t proto_len,
       ^~~~~~~~~~~~~~~~~~
"Running Make libs in microblaze_0/libsrc/standalone_v6_7/src"
make -C microblaze_0/libsrc/standalone_v6_7/src -s libs  "SHELL=CMD" "COMPILER=mb-gcc" "ARCHIVER=mb-ar" "COMPILER_FLAGS=  -O2 -c -mcpu=v10.0 -mhard-float -mlittle-endian -mno-xl-soft-div -mno-xl-soft-mul -mxl-barrel-shift -mxl-float-convert -mxl-float-sqrt -mxl-multiply-high -mxl-pattern-compare" "EXTRA_COMPILER_FLAGS=-ffunction-sections -fdata-sections -Wall -Wextra"
"Compiling standalone";
microblaze_sleep.c:69:2: warning: #warning "May wait for more than the specified delay" [-Wcpp]
 #warning "May wait for more than the specified delay"
  ^~~~~~~
"Running Make libs in microblaze_0/libsrc/tmrctr_v4_4/src"
make -C microblaze_0/libsrc/tmrctr_v4_4/src -s libs  "SHELL=CMD" "COMPILER=mb-gcc" "ARCHIVER=mb-ar" "COMPILER_FLAGS=  -O2 -c -mcpu=v10.0 -mhard-float -mlittle-endian -mno-xl-soft-div -mno-xl-soft-mul -mxl-barrel-shift -mxl-float-convert -mxl-float-sqrt -mxl-multiply-high -mxl-pattern-compare" "EXTRA_COMPILER_FLAGS=-ffunction-sections -fdata-sections -Wall -Wextra"
"Compiling tmrctr"
"Running Make libs in microblaze_0/libsrc/uartlite_v3_2/src"
make -C microblaze_0/libsrc/uartlite_v3_2/src -s libs  "SHELL=CMD" "COMPILER=mb-gcc" "ARCHIVER=mb-ar" "COMPILER_FLAGS=  -O2 -c -mcpu=v10.0 -mhard-float -mlittle-endian -mno-xl-soft-div -mno-xl-soft-mul -mxl-barrel-shift -mxl-float-convert -mxl-float-sqrt -mxl-multiply-high -mxl-pattern-compare" "EXTRA_COMPILER_FLAGS=-ffunction-sections -fdata-sections -Wall -Wextra"
"Compiling uartlite"
"Running Make libs in microblaze_0/libsrc/vtc_v7_2/src"
make -C microblaze_0/libsrc/vtc_v7_2/src -s libs  "SHELL=CMD" "COMPILER=mb-gcc" "ARCHIVER=mb-ar" "COMPILER_FLAGS=  -O2 -c -mcpu=v10.0 -mhard-float -mlittle-endian -mno-xl-soft-div -mno-xl-soft-mul -mxl-barrel-shift -mxl-float-convert -mxl-float-sqrt -mxl-multiply-high -mxl-pattern-compare" "EXTRA_COMPILER_FLAGS=-ffunction-sections -fdata-sections -Wall -Wextra"
"Compiling video timing controller"
'Finished building libraries'
02:18:21 **** Auto Build of configuration Debug for project server_test ****
make all 
'Building file: ../src/echo.c'
'Invoking: MicroBlaze gcc compiler'
mb-gcc -Wall -O0 -g3 -c -fmessage-length=0 -MT"src/echo.o" -I../../standalone_bsp_1/microblaze_0/include -mlittle-endian -mxl-barrel-shift -mxl-pattern-compare -mno-xl-soft-div -mcpu=v10.0 -mno-xl-soft-mul -mxl-multiply-high -mhard-float -mxl-float-convert -mxl-float-sqrt -Wl,--no-relax -ffunction-sections -fdata-sections -MMD -MP -MF"src/echo.d" -MT"src/echo.o" -o "src/echo.o" "../src/echo.c"
'Finished building: ../src/echo.c'
' '
'Building file: ../src/main.c'
'Invoking: MicroBlaze gcc compiler'
mb-gcc -Wall -O0 -g3 -c -fmessage-length=0 -MT"src/main.o" -I../../standalone_bsp_1/microblaze_0/include -mlittle-endian -mxl-barrel-shift -mxl-pattern-compare -mno-xl-soft-div -mcpu=v10.0 -mno-xl-soft-mul -mxl-multiply-high -mhard-float -mxl-float-convert -mxl-float-sqrt -Wl,--no-relax -ffunction-sections -fdata-sections -MMD -MP -MF"src/main.d" -MT"src/main.o" -o "src/main.o" "../src/main.c"
'Finished building: ../src/main.c'
' '
'Building file: ../src/platform.c'
'Invoking: MicroBlaze gcc compiler'
mb-gcc -Wall -O0 -g3 -c -fmessage-length=0 -MT"src/platform.o" -I../../standalone_bsp_1/microblaze_0/include -mlittle-endian -mxl-barrel-shift -mxl-pattern-compare -mno-xl-soft-div -mcpu=v10.0 -mno-xl-soft-mul -mxl-multiply-high -mhard-float -mxl-float-convert -mxl-float-sqrt -Wl,--no-relax -ffunction-sections -fdata-sections -MMD -MP -MF"src/platform.d" -MT"src/platform.o" -o "src/platform.o" "../src/platform.c"
'Finished building: ../src/platform.c'
' '
'Building file: ../src/platform_mb.c'
'Invoking: MicroBlaze gcc compiler'
mb-gcc -Wall -O0 -g3 -c -fmessage-length=0 -MT"src/platform_mb.o" -I../../standalone_bsp_1/microblaze_0/include -mlittle-endian -mxl-barrel-shift -mxl-pattern-compare -mno-xl-soft-div -mcpu=v10.0 -mno-xl-soft-mul -mxl-multiply-high -mhard-float -mxl-float-convert -mxl-float-sqrt -Wl,--no-relax -ffunction-sections -fdata-sections -MMD -MP -MF"src/platform_mb.d" -MT"src/platform_mb.o" -o "src/platform_mb.o" "../src/platform_mb.c"
'Finished building: ../src/platform_mb.c'
' '
'Building target: server_test.elf'
'Invoking: MicroBlaze gcc linker'
mb-gcc -Wl,-T -Wl,../src/lscript.ld -L../../standalone_bsp_1/microblaze_0/lib -mlittle-endian -mxl-barrel-shift -mxl-pattern-compare -mno-xl-soft-div -mcpu=v10.0 -mno-xl-soft-mul -mxl-multiply-high -mhard-float -mxl-float-convert -mxl-float-sqrt -Wl,--no-relax -Wl,--gc-sections -o "server_test.elf"  ./src/echo.o ./src/i2c_access.o ./src/iic_phyreset.o ./src/main.o ./src/platform.o ./src/platform_mb.o ./src/platform_ppc.o ./src/platform_zynq.o ./src/platform_zynqmp.o ./src/sfp.o ./src/si5324.o   -Wl,--start-group,-lxil,-lgcc,-lc,--end-group -Wl,--start-group,-lxil,-llwip4,-lgcc,-lc,--end-group
'Finished building target: server_test.elf'
' '
'Invoking: MicroBlaze Print Size'
mb-size server_test.elf  |tee "server_test.elf.size"
   text	   data	    bss	    dec	    hex	filename
 100188	   1644	 749488	 851320	  cfd78	server_test.elf
'Finished building: server_test.elf.size'
' '
02:18:24 **** Auto Build of configuration Debug for project pure_led_det ****
make all 
'Building file: ../src/video_capture/video_capture.c'
'Invoking: MicroBlaze gcc compiler'
mb-gcc -Wall -O0 -g3 -c -fmessage-length=0 -MT"src/video_capture/video_capture.o" -I../../standalone_bsp_1/microblaze_0/include -mlittle-endian -mxl-barrel-shift -mxl-pattern-compare -mno-xl-soft-div -mcpu=v10.0 -mno-xl-soft-mul -mxl-multiply-high -mhard-float -mxl-float-convert -mxl-float-sqrt -Wl,--no-relax -ffunction-sections -fdata-sections -MMD -MP -MF"src/video_capture/video_capture.d" -MT"src/video_capture/video_capture.o" -o "src/video_capture/video_capture.o" "../src/video_capture/video_capture.c"
'Finished building: ../src/video_capture/video_capture.c'
' '
'Building file: ../src/vdma/vdma.c'
'Invoking: MicroBlaze gcc compiler'
mb-gcc -Wall -O0 -g3 -c -fmessage-length=0 -MT"src/vdma/vdma.o" -I../../standalone_bsp_1/microblaze_0/include -mlittle-endian -mxl-barrel-shift -mxl-pattern-compare -mno-xl-soft-div -mcpu=v10.0 -mno-xl-soft-mul -mxl-multiply-high -mhard-float -mxl-float-convert -mxl-float-sqrt -Wl,--no-relax -ffunction-sections -fdata-sections -MMD -MP -MF"src/vdma/vdma.d" -MT"src/vdma/vdma.o" -o "src/vdma/vdma.o" "../src/vdma/vdma.c"
../src/vdma/vdma.c: In function 'reset_dma_write':
../src/vdma/vdma.c:239:1: warning: control reaches end of non-void function [-Wreturn-type]
 }
 ^
../src/vdma/vdma.c: In function 'reset_dma_read':
../src/vdma/vdma.c:243:1: warning: control reaches end of non-void function [-Wreturn-type]
 }
 ^
'Finished building: ../src/vdma/vdma.c'
' '
'Building file: ../src/intc/intc.c'
'Invoking: MicroBlaze gcc compiler'
mb-gcc -Wall -O0 -g3 -c -fmessage-length=0 -MT"src/intc/intc.o" -I../../standalone_bsp_1/microblaze_0/include -mlittle-endian -mxl-barrel-shift -mxl-pattern-compare -mno-xl-soft-div -mcpu=v10.0 -mno-xl-soft-mul -mxl-multiply-high -mhard-float -mxl-float-convert -mxl-float-sqrt -Wl,--no-relax -ffunction-sections -fdata-sections -MMD -MP -MF"src/intc/intc.d" -MT"src/intc/intc.o" -o "src/intc/intc.o" "../src/intc/intc.c"
'Finished building: ../src/intc/intc.c'
' '
'Building file: ../src/dynclk/dynclk.c'
'Invoking: MicroBlaze gcc compiler'
mb-gcc -Wall -O0 -g3 -c -fmessage-length=0 -MT"src/dynclk/dynclk.o" -I../../standalone_bsp_1/microblaze_0/include -mlittle-endian -mxl-barrel-shift -mxl-pattern-compare -mno-xl-soft-div -mcpu=v10.0 -mno-xl-soft-mul -mxl-multiply-high -mhard-float -mxl-float-convert -mxl-float-sqrt -Wl,--no-relax -ffunction-sections -fdata-sections -MMD -MP -MF"src/dynclk/dynclk.d" -MT"src/dynclk/dynclk.o" -o "src/dynclk/dynclk.o" "../src/dynclk/dynclk.c"
'Finished building: ../src/dynclk/dynclk.c'
' '
'Building file: ../src/display_ctrl/display_ctrl.c'
'Invoking: MicroBlaze gcc compiler'
mb-gcc -Wall -O0 -g3 -c -fmessage-length=0 -MT"src/display_ctrl/display_ctrl.o" -I../../standalone_bsp_1/microblaze_0/include -mlittle-endian -mxl-barrel-shift -mxl-pattern-compare -mno-xl-soft-div -mcpu=v10.0 -mno-xl-soft-mul -mxl-multiply-high -mhard-float -mxl-float-convert -mxl-float-sqrt -Wl,--no-relax -ffunction-sections -fdata-sections -MMD -MP -MF"src/display_ctrl/display_ctrl.d" -MT"src/display_ctrl/display_ctrl.o" -o "src/display_ctrl/display_ctrl.o" "../src/display_ctrl/display_ctrl.c"
'Finished building: ../src/display_ctrl/display_ctrl.c'
' '
'Building file: ../src/video_demo.c'
'Invoking: MicroBlaze gcc compiler'
mb-gcc -Wall -O0 -g3 -c -fmessage-length=0 -MT"src/video_demo.o" -I../../standalone_bsp_1/microblaze_0/include -mlittle-endian -mxl-barrel-shift -mxl-pattern-compare -mno-xl-soft-div -mcpu=v10.0 -mno-xl-soft-mul -mxl-multiply-high -mhard-float -mxl-float-convert -mxl-float-sqrt -Wl,--no-relax -ffunction-sections -fdata-sections -MMD -MP -MF"src/video_demo.d" -MT"src/video_demo.o" -o "src/video_demo.o" "../src/video_demo.c"
../src/video_demo.c: In function 'RxReceive':
../src/video_demo.c:140:6: warning: unused variable 'Status' [-Wunused-variable]
'Finished building: ../src/video_demo.c'
  int Status;
      ^~~~~~
../src/video_demo.c: In function 'start_frame_read':
../src/video_demo.c:805:6: warning: variable 'Status' set but not used [-Wunused-but-set-variable]
  int Status;
      ^~~~~~
' '
'Building target: pure_led_det.elf'
'Invoking: MicroBlaze gcc linker'
mb-gcc -Wl,-T -Wl,../src/lscript.ld -L../../standalone_bsp_1/microblaze_0/lib -mlittle-endian -mxl-barrel-shift -mxl-pattern-compare -mno-xl-soft-div -mcpu=v10.0 -mno-xl-soft-mul -mxl-multiply-high -mhard-float -mxl-float-convert -mxl-float-sqrt -Wl,--no-relax -Wl,--gc-sections -o "pure_led_det.elf"  ./src/video_capture/video_capture.o  ./src/vdma/vdma.o  ./src/timer_ps/timer_ps.o  ./src/intc/intc.o  ./src/dynclk/dynclk.o  ./src/display_ctrl/display_ctrl.o  ./src/video_demo.o   -Wl,--start-group,-lxil,-lgcc,-lc,--end-group -Wl,--start-group,-lxil,-llwip4,-lgcc,-lc,--end-group
'Finished building target: pure_led_det.elf'
' '
'Invoking: MicroBlaze Print Size'
mb-size pure_led_det.elf  |tee "pure_led_det.elf.size"
   text	   data	    bss	    dec	    hex	filename
  41340	    708	8304888	8346936	 7f5d38	pure_led_det.elf
'Finished building: pure_led_det.elf.size'
' '
02:19:04 **** Auto Build of configuration Debug for project lwip2 ****
make all 
'Building file: ../src/video_capture/video_capture.c'
'Invoking: MicroBlaze gcc compiler'
mb-gcc -Wall -O0 -g3 -c -fmessage-length=0 -MT"src/video_capture/video_capture.o" -I../../standalone_bsp_1/microblaze_0/include -mlittle-endian -mxl-barrel-shift -mxl-pattern-compare -mno-xl-soft-div -mcpu=v10.0 -mno-xl-soft-mul -mxl-multiply-high -mhard-float -mxl-float-convert -mxl-float-sqrt -Wl,--no-relax -ffunction-sections -fdata-sections -MMD -MP -MF"src/video_capture/video_capture.d" -MT"src/video_capture/video_capture.o" -o "src/video_capture/video_capture.o" "../src/video_capture/video_capture.c"
'Finished building: ../src/video_capture/video_capture.c'
' '
'Building file: ../src/vdma/vdma.c'
'Invoking: MicroBlaze gcc compiler'
mb-gcc -Wall -O0 -g3 -c -fmessage-length=0 -MT"src/vdma/vdma.o" -I../../standalone_bsp_1/microblaze_0/include -mlittle-endian -mxl-barrel-shift -mxl-pattern-compare -mno-xl-soft-div -mcpu=v10.0 -mno-xl-soft-mul -mxl-multiply-high -mhard-float -mxl-float-convert -mxl-float-sqrt -Wl,--no-relax -ffunction-sections -fdata-sections -MMD -MP -MF"src/vdma/vdma.d" -MT"src/vdma/vdma.o" -o "src/vdma/vdma.o" "../src/vdma/vdma.c"
../src/vdma/vdma.c: In function 'reset_dma_write':
../src/vdma/vdma.c:239:1: warning: control reaches end of non-void function [-Wreturn-type]
 }
 ^
../src/vdma/vdma.c: In function 'reset_dma_read':
../src/vdma/vdma.c:243:1: warning: control reaches end of non-void function [-Wreturn-type]
 }
 ^
'Finished building: ../src/vdma/vdma.c'
' '
'Building file: ../src/intc/intc.c'
'Invoking: MicroBlaze gcc compiler'
mb-gcc -Wall -O0 -g3 -c -fmessage-length=0 -MT"src/intc/intc.o" -I../../standalone_bsp_1/microblaze_0/include -mlittle-endian -mxl-barrel-shift -mxl-pattern-compare -mno-xl-soft-div -mcpu=v10.0 -mno-xl-soft-mul -mxl-multiply-high -mhard-float -mxl-float-convert -mxl-float-sqrt -Wl,--no-relax -ffunction-sections -fdata-sections -MMD -MP -MF"src/intc/intc.d" -MT"src/intc/intc.o" -o "src/intc/intc.o" "../src/intc/intc.c"
'Finished building: ../src/intc/intc.c'
' '
'Building file: ../src/dynclk/dynclk.c'
'Invoking: MicroBlaze gcc compiler'
mb-gcc -Wall -O0 -g3 -c -fmessage-length=0 -MT"src/dynclk/dynclk.o" -I../../standalone_bsp_1/microblaze_0/include -mlittle-endian -mxl-barrel-shift -mxl-pattern-compare -mno-xl-soft-div -mcpu=v10.0 -mno-xl-soft-mul -mxl-multiply-high -mhard-float -mxl-float-convert -mxl-float-sqrt -Wl,--no-relax -ffunction-sections -fdata-sections -MMD -MP -MF"src/dynclk/dynclk.d" -MT"src/dynclk/dynclk.o" -o "src/dynclk/dynclk.o" "../src/dynclk/dynclk.c"
'Finished building: ../src/dynclk/dynclk.c'
' '
'Building file: ../src/display_ctrl/display_ctrl.c'
'Invoking: MicroBlaze gcc compiler'
mb-gcc -Wall -O0 -g3 -c -fmessage-length=0 -MT"src/display_ctrl/display_ctrl.o" -I../../standalone_bsp_1/microblaze_0/include -mlittle-endian -mxl-barrel-shift -mxl-pattern-compare -mno-xl-soft-div -mcpu=v10.0 -mno-xl-soft-mul -mxl-multiply-high -mhard-float -mxl-float-convert -mxl-float-sqrt -Wl,--no-relax -ffunction-sections -fdata-sections -MMD -MP -MF"src/display_ctrl/display_ctrl.d" -MT"src/display_ctrl/display_ctrl.o" -o "src/display_ctrl/display_ctrl.o" "../src/display_ctrl/display_ctrl.c"
'Finished building: ../src/display_ctrl/display_ctrl.c'
' '
'Building file: ../src/echo.c'
'Invoking: MicroBlaze gcc compiler'
mb-gcc -Wall -O0 -g3 -c -fmessage-length=0 -MT"src/echo.o" -I../../standalone_bsp_1/microblaze_0/include -mlittle-endian -mxl-barrel-shift -mxl-pattern-compare -mno-xl-soft-div -mcpu=v10.0 -mno-xl-soft-mul -mxl-multiply-high -mhard-float -mxl-float-convert -mxl-float-sqrt -Wl,--no-relax -ffunction-sections -fdata-sections -MMD -MP -MF"src/echo.d" -MT"src/echo.o" -o "src/echo.o" "../src/echo.c"
'Finished building: ../src/echo.c'
' '
'Building file: ../src/main.c'
'Invoking: MicroBlaze gcc compiler'
mb-gcc -Wall -O0 -g3 -c -fmessage-length=0 -MT"src/main.o" -I../../standalone_bsp_1/microblaze_0/include -mlittle-endian -mxl-barrel-shift -mxl-pattern-compare -mno-xl-soft-div -mcpu=v10.0 -mno-xl-soft-mul -mxl-multiply-high -mhard-float -mxl-float-convert -mxl-float-sqrt -Wl,--no-relax -ffunction-sections -fdata-sections -MMD -MP -MF"src/main.d" -MT"src/main.o" -o "src/main.o" "../src/main.c"
../src/main.c: In function 'print_ip_setting':
../src/main.c:106:2: warning: implicit declaration of function 'print_ip'; did you mean 'print_i2'? [-Wimplicit-function-declaration]
  print_ip("Board IP: ", ip);
  ^~~~~~~~
  print_i2
../src/main.c: In function 'main2':
../src/main.c:224:2: warning: implicit declaration of function 'print_ip_settings'; did you mean 'print_ip_setting'? [-Wimplicit-function-declaration]
  print_ip_settings(&ipaddr, &netmask, &gw);
  ^~~~~~~~~~~~~~~~~
  print_ip_setting
'Finished building: ../src/main.c'
' '
'Building file: ../src/platform.c'
'Invoking: MicroBlaze gcc compiler'
mb-gcc -Wall -O0 -g3 -c -fmessage-length=0 -MT"src/platform.o" -I../../standalone_bsp_1/microblaze_0/include -mlittle-endian -mxl-barrel-shift -mxl-pattern-compare -mno-xl-soft-div -mcpu=v10.0 -mno-xl-soft-mul -mxl-multiply-high -mhard-float -mxl-float-convert -mxl-float-sqrt -Wl,--no-relax -ffunction-sections -fdata-sections -MMD -MP -MF"src/platform.d" -MT"src/platform.o" -o "src/platform.o" "../src/platform.c"
'Finished building: ../src/platform.c'
' '
'Building file: ../src/platform_mb.c'
'Invoking: MicroBlaze gcc compiler'
mb-gcc -Wall -O0 -g3 -c -fmessage-length=0 -MT"src/platform_mb.o" -I../../standalone_bsp_1/microblaze_0/include -mlittle-endian -mxl-barrel-shift -mxl-pattern-compare -mno-xl-soft-div -mcpu=v10.0 -mno-xl-soft-mul -mxl-multiply-high -mhard-float -mxl-float-convert -mxl-float-sqrt -Wl,--no-relax -ffunction-sections -fdata-sections -MMD -MP -MF"src/platform_mb.d" -MT"src/platform_mb.o" -o "src/platform_mb.o" "../src/platform_mb.c"
'Finished building: ../src/platform_mb.c'
' '
'Building file: ../src/video_demo.c'
'Invoking: MicroBlaze gcc compiler'
mb-gcc -Wall -O0 -g3 -c -fmessage-length=0 -MT"src/video_demo.o" -I../../standalone_bsp_1/microblaze_0/include -mlittle-endian -mxl-barrel-shift -mxl-pattern-compare -mno-xl-soft-div -mcpu=v10.0 -mno-xl-soft-mul -mxl-multiply-high -mhard-float -mxl-float-convert -mxl-float-sqrt -Wl,--no-relax -ffunction-sections -fdata-sections -MMD -MP -MF"src/video_demo.d" -MT"src/video_demo.o" -o "src/video_demo.o" "../src/video_demo.c"
../src/video_demo.c: In function 'RxReceive':
../src/video_demo.c:352:6: warning: unused variable 'Status' [-Wunused-variable]
  int Status;
      ^~~~~~
../src/video_demo.c: In function 'start_frame_read':
../src/video_demo.c:1036:6: warning: variable 'Status' set but not used [-Wunused-but-set-variable]
  int Status;
      ^~~~~~
'Finished building: ../src/video_demo.c'
' '
'Building target: lwip2.elf'
'Invoking: MicroBlaze gcc linker'
mb-gcc -Wl,-T -Wl,../src/lscript.ld -L../../standalone_bsp_1/microblaze_0/lib -mlittle-endian -mxl-barrel-shift -mxl-pattern-compare -mno-xl-soft-div -mcpu=v10.0 -mno-xl-soft-mul -mxl-multiply-high -mhard-float -mxl-float-convert -mxl-float-sqrt -Wl,--no-relax -Wl,--gc-sections -o "lwip2.elf"  ./src/video_capture/video_capture.o  ./src/vdma/vdma.o  ./src/timer_ps/timer_ps.o  ./src/intc/intc.o  ./src/dynclk/dynclk.o  ./src/display_ctrl/display_ctrl.o  ./src/echo.o ./src/i2c_access.o ./src/iic_phyreset.o ./src/main.o ./src/platform.o ./src/platform_mb.o ./src/platform_ppc.o ./src/platform_zynq.o ./src/platform_zynqmp.o ./src/sfp.o ./src/si5324.o ./src/video_demo.o   -Wl,--start-group,-lxil,-lgcc,-lc,--end-group -Wl,--start-group,-lxil,-llwip4,-lgcc,-lc,--end-group
'Finished building target: lwip2.elf'
' '
'Invoking: MicroBlaze Print Size'
mb-size lwip2.elf  |tee "lwip2.elf.size"
   text	   data	    bss	    dec	    hex	filename
 134756	   1940	9051144	9187840	 8c3200	lwip2.elf
'Finished building: lwip2.elf.size'
' '
02:19:09 **** Build of configuration Debug for project initial_demo ****
make all 
'Building file: ../src/video_capture/video_capture.c'
'Invoking: MicroBlaze gcc compiler'
mb-gcc -Wall -O0 -g3 -c -fmessage-length=0 -MT"src/video_capture/video_capture.o" -I../../standalone_bsp_1/microblaze_0/include -mlittle-endian -mxl-barrel-shift -mxl-pattern-compare -mno-xl-soft-div -mcpu=v10.0 -mno-xl-soft-mul -mxl-multiply-high -mhard-float -mxl-float-convert -mxl-float-sqrt -Wl,--no-relax -ffunction-sections -fdata-sections -MMD -MP -MF"src/video_capture/video_capture.d" -MT"src/video_capture/video_capture.o" -o "src/video_capture/video_capture.o" "../src/video_capture/video_capture.c"
'Finished building: ../src/video_capture/video_capture.c'
' '
'Building file: ../src/vdma/vdma.c'
'Invoking: MicroBlaze gcc compiler'
mb-gcc -Wall -O0 -g3 -c -fmessage-length=0 -MT"src/vdma/vdma.o" -I../../standalone_bsp_1/microblaze_0/include -mlittle-endian -mxl-barrel-shift -mxl-pattern-compare -mno-xl-soft-div -mcpu=v10.0 -mno-xl-soft-mul -mxl-multiply-high -mhard-float -mxl-float-convert -mxl-float-sqrt -Wl,--no-relax -ffunction-sections -fdata-sections -MMD -MP -MF"src/vdma/vdma.d" -MT"src/vdma/vdma.o" -o "src/vdma/vdma.o" "../src/vdma/vdma.c"
../src/vdma/vdma.c: In function 'reset_dma_write':
../src/vdma/vdma.c:239:1: warning: control reaches end of non-void function [-Wreturn-type]
 }
 ^
../src/vdma/vdma.c: In function 'reset_dma_read':
../src/vdma/vdma.c:243:1: warning: control reaches end of non-void function [-Wreturn-type]
 }
 ^
'Finished building: ../src/vdma/vdma.c'
' '
'Building file: ../src/timer_ps/timer_ps.c'
'Invoking: MicroBlaze gcc compiler'
mb-gcc -Wall -O0 -g3 -c -fmessage-length=0 -MT"src/timer_ps/timer_ps.o" -I../../standalone_bsp_1/microblaze_0/include -mlittle-endian -mxl-barrel-shift -mxl-pattern-compare -mno-xl-soft-div -mcpu=v10.0 -mno-xl-soft-mul -mxl-multiply-high -mhard-float -mxl-float-convert -mxl-float-sqrt -Wl,--no-relax -ffunction-sections -fdata-sections -MMD -MP -MF"src/timer_ps/timer_ps.d" -MT"src/timer_ps/timer_ps.o" -o "src/timer_ps/timer_ps.o" "../src/timer_ps/timer_ps.c"
'Finished building: ../src/timer_ps/timer_ps.c'
' '
'Building file: ../src/intc/intc.c'
'Invoking: MicroBlaze gcc compiler'
mb-gcc -Wall -O0 -g3 -c -fmessage-length=0 -MT"src/intc/intc.o" -I../../standalone_bsp_1/microblaze_0/include -mlittle-endian -mxl-barrel-shift -mxl-pattern-compare -mno-xl-soft-div -mcpu=v10.0 -mno-xl-soft-mul -mxl-multiply-high -mhard-float -mxl-float-convert -mxl-float-sqrt -Wl,--no-relax -ffunction-sections -fdata-sections -MMD -MP -MF"src/intc/intc.d" -MT"src/intc/intc.o" -o "src/intc/intc.o" "../src/intc/intc.c"
'Finished building: ../src/intc/intc.c'
' '
'Building file: ../src/dynclk/dynclk.c'
'Invoking: MicroBlaze gcc compiler'
mb-gcc -Wall -O0 -g3 -c -fmessage-length=0 -MT"src/dynclk/dynclk.o" -I../../standalone_bsp_1/microblaze_0/include -mlittle-endian -mxl-barrel-shift -mxl-pattern-compare -mno-xl-soft-div -mcpu=v10.0 -mno-xl-soft-mul -mxl-multiply-high -mhard-float -mxl-float-convert -mxl-float-sqrt -Wl,--no-relax -ffunction-sections -fdata-sections -MMD -MP -MF"src/dynclk/dynclk.d" -MT"src/dynclk/dynclk.o" -o "src/dynclk/dynclk.o" "../src/dynclk/dynclk.c"
'Finished building: ../src/dynclk/dynclk.c'
' '
'Building file: ../src/display_ctrl/display_ctrl.c'
'Invoking: MicroBlaze gcc compiler'
mb-gcc -Wall -O0 -g3 -c -fmessage-length=0 -MT"src/display_ctrl/display_ctrl.o" -I../../standalone_bsp_1/microblaze_0/include -mlittle-endian -mxl-barrel-shift -mxl-pattern-compare -mno-xl-soft-div -mcpu=v10.0 -mno-xl-soft-mul -mxl-multiply-high -mhard-float -mxl-float-convert -mxl-float-sqrt -Wl,--no-relax -ffunction-sections -fdata-sections -MMD -MP -MF"src/display_ctrl/display_ctrl.d" -MT"src/display_ctrl/display_ctrl.o" -o "src/display_ctrl/display_ctrl.o" "../src/display_ctrl/display_ctrl.c"
'Finished building: ../src/display_ctrl/display_ctrl.c'
' '
'Building file: ../src/echo.c'
'Invoking: MicroBlaze gcc compiler'
mb-gcc -Wall -O0 -g3 -c -fmessage-length=0 -MT"src/echo.o" -I../../standalone_bsp_1/microblaze_0/include -mlittle-endian -mxl-barrel-shift -mxl-pattern-compare -mno-xl-soft-div -mcpu=v10.0 -mno-xl-soft-mul -mxl-multiply-high -mhard-float -mxl-float-convert -mxl-float-sqrt -Wl,--no-relax -ffunction-sections -fdata-sections -MMD -MP -MF"src/echo.d" -MT"src/echo.o" -o "src/echo.o" "../src/echo.c"
'Finished building: ../src/echo.c'
' '
'Building file: ../src/i2c_access.c'
'Invoking: MicroBlaze gcc compiler'
mb-gcc -Wall -O0 -g3 -c -fmessage-length=0 -MT"src/i2c_access.o" -I../../standalone_bsp_1/microblaze_0/include -mlittle-endian -mxl-barrel-shift -mxl-pattern-compare -mno-xl-soft-div -mcpu=v10.0 -mno-xl-soft-mul -mxl-multiply-high -mhard-float -mxl-float-convert -mxl-float-sqrt -Wl,--no-relax -ffunction-sections -fdata-sections -MMD -MP -MF"src/i2c_access.d" -MT"src/i2c_access.o" -o "src/i2c_access.o" "../src/i2c_access.c"
'Finished building: ../src/i2c_access.c'
' '
'Building file: ../src/iic_phyreset.c'
'Invoking: MicroBlaze gcc compiler'
mb-gcc -Wall -O0 -g3 -c -fmessage-length=0 -MT"src/iic_phyreset.o" -I../../standalone_bsp_1/microblaze_0/include -mlittle-endian -mxl-barrel-shift -mxl-pattern-compare -mno-xl-soft-div -mcpu=v10.0 -mno-xl-soft-mul -mxl-multiply-high -mhard-float -mxl-float-convert -mxl-float-sqrt -Wl,--no-relax -ffunction-sections -fdata-sections -MMD -MP -MF"src/iic_phyreset.d" -MT"src/iic_phyreset.o" -o "src/iic_phyreset.o" "../src/iic_phyreset.c"
'Finished building: ../src/iic_phyreset.c'
' '
'Building file: ../src/main.c'
'Invoking: MicroBlaze gcc compiler'
mb-gcc -Wall -O0 -g3 -c -fmessage-length=0 -MT"src/main.o" -I../../standalone_bsp_1/microblaze_0/include -mlittle-endian -mxl-barrel-shift -mxl-pattern-compare -mno-xl-soft-div -mcpu=v10.0 -mno-xl-soft-mul -mxl-multiply-high -mhard-float -mxl-float-convert -mxl-float-sqrt -Wl,--no-relax -ffunction-sections -fdata-sections -MMD -MP -MF"src/main.d" -MT"src/main.o" -o "src/main.o" "../src/main.c"
../src/main.c: In function 'print_ip_setting':
../src/main.c:106:2: warning: implicit declaration of function 'print_ip'; did you mean 'print_i2'? [-Wimplicit-function-declaration]
  print_ip("Board IP: ", ip);
  ^~~~~~~~
  print_i2
../src/main.c: In function 'main2':
../src/main.c:224:2: warning: implicit declaration of function 'print_ip_settings'; did you mean 'print_ip_setting'? [-Wimplicit-function-declaration]
  print_ip_settings(&ipaddr, &netmask, &gw);
  ^~~~~~~~~~~~~~~~~
  print_ip_setting
'Finished building: ../src/main.c'
' '
'Building file: ../src/platform.c'
'Invoking: MicroBlaze gcc compiler'
mb-gcc -Wall -O0 -g3 -c -fmessage-length=0 -MT"src/platform.o" -I../../standalone_bsp_1/microblaze_0/include -mlittle-endian -mxl-barrel-shift -mxl-pattern-compare -mno-xl-soft-div -mcpu=v10.0 -mno-xl-soft-mul -mxl-multiply-high -mhard-float -mxl-float-convert -mxl-float-sqrt -Wl,--no-relax -ffunction-sections -fdata-sections -MMD -MP -MF"src/platform.d" -MT"src/platform.o" -o "src/platform.o" "../src/platform.c"
'Finished building: ../src/platform.c'
' '
'Building file: ../src/platform_mb.c'
'Invoking: MicroBlaze gcc compiler'
mb-gcc -Wall -O0 -g3 -c -fmessage-length=0 -MT"src/platform_mb.o" -I../../standalone_bsp_1/microblaze_0/include -mlittle-endian -mxl-barrel-shift -mxl-pattern-compare -mno-xl-soft-div -mcpu=v10.0 -mno-xl-soft-mul -mxl-multiply-high -mhard-float -mxl-float-convert -mxl-float-sqrt -Wl,--no-relax -ffunction-sections -fdata-sections -MMD -MP -MF"src/platform_mb.d" -MT"src/platform_mb.o" -o "src/platform_mb.o" "../src/platform_mb.c"
'Finished building: ../src/platform_mb.c'
' '
'Building file: ../src/platform_ppc.c'
'Invoking: MicroBlaze gcc compiler'
mb-gcc -Wall -O0 -g3 -c -fmessage-length=0 -MT"src/platform_ppc.o" -I../../standalone_bsp_1/microblaze_0/include -mlittle-endian -mxl-barrel-shift -mxl-pattern-compare -mno-xl-soft-div -mcpu=v10.0 -mno-xl-soft-mul -mxl-multiply-high -mhard-float -mxl-float-convert -mxl-float-sqrt -Wl,--no-relax -ffunction-sections -fdata-sections -MMD -MP -MF"src/platform_ppc.d" -MT"src/platform_ppc.o" -o "src/platform_ppc.o" "../src/platform_ppc.c"
'Finished building: ../src/platform_ppc.c'
' '
'Building file: ../src/platform_zynq.c'
'Invoking: MicroBlaze gcc compiler'
mb-gcc -Wall -O0 -g3 -c -fmessage-length=0 -MT"src/platform_zynq.o" -I../../standalone_bsp_1/microblaze_0/include -mlittle-endian -mxl-barrel-shift -mxl-pattern-compare -mno-xl-soft-div -mcpu=v10.0 -mno-xl-soft-mul -mxl-multiply-high -mhard-float -mxl-float-convert -mxl-float-sqrt -Wl,--no-relax -ffunction-sections -fdata-sections -MMD -MP -MF"src/platform_zynq.d" -MT"src/platform_zynq.o" -o "src/platform_zynq.o" "../src/platform_zynq.c"
'Finished building: ../src/platform_zynq.c'
' '
'Building file: ../src/platform_zynqmp.c'
'Invoking: MicroBlaze gcc compiler'
mb-gcc -Wall -O0 -g3 -c -fmessage-length=0 -MT"src/platform_zynqmp.o" -I../../standalone_bsp_1/microblaze_0/include -mlittle-endian -mxl-barrel-shift -mxl-pattern-compare -mno-xl-soft-div -mcpu=v10.0 -mno-xl-soft-mul -mxl-multiply-high -mhard-float -mxl-float-convert -mxl-float-sqrt -Wl,--no-relax -ffunction-sections -fdata-sections -MMD -MP -MF"src/platform_zynqmp.d" -MT"src/platform_zynqmp.o" -o "src/platform_zynqmp.o" "../src/platform_zynqmp.c"
'Finished building: ../src/platform_zynqmp.c'
' '
'Building file: ../src/sfp.c'
'Invoking: MicroBlaze gcc compiler'
mb-gcc -Wall -O0 -g3 -c -fmessage-length=0 -MT"src/sfp.o" -I../../standalone_bsp_1/microblaze_0/include -mlittle-endian -mxl-barrel-shift -mxl-pattern-compare -mno-xl-soft-div -mcpu=v10.0 -mno-xl-soft-mul -mxl-multiply-high -mhard-float -mxl-float-convert -mxl-float-sqrt -Wl,--no-relax -ffunction-sections -fdata-sections -MMD -MP -MF"src/sfp.d" -MT"src/sfp.o" -o "src/sfp.o" "../src/sfp.c"
'Finished building: ../src/sfp.c'
' '
'Building file: ../src/si5324.c'
'Invoking: MicroBlaze gcc compiler'
mb-gcc -Wall -O0 -g3 -c -fmessage-length=0 -MT"src/si5324.o" -I../../standalone_bsp_1/microblaze_0/include -mlittle-endian -mxl-barrel-shift -mxl-pattern-compare -mno-xl-soft-div -mcpu=v10.0 -mno-xl-soft-mul -mxl-multiply-high -mhard-float -mxl-float-convert -mxl-float-sqrt -Wl,--no-relax -ffunction-sections -fdata-sections -MMD -MP -MF"src/si5324.d" -MT"src/si5324.o" -o "src/si5324.o" "../src/si5324.c"
'Finished building: ../src/si5324.c'
' '
'Building file: ../src/video_demo.c'
'Invoking: MicroBlaze gcc compiler'
mb-gcc -Wall -O0 -g3 -c -fmessage-length=0 -MT"src/video_demo.o" -I../../standalone_bsp_1/microblaze_0/include -mlittle-endian -mxl-barrel-shift -mxl-pattern-compare -mno-xl-soft-div -mcpu=v10.0 -mno-xl-soft-mul -mxl-multiply-high -mhard-float -mxl-float-convert -mxl-float-sqrt -Wl,--no-relax -ffunction-sections -fdata-sections -MMD -MP -MF"src/video_demo.d" -MT"src/video_demo.o" -o "src/video_demo.o" "../src/video_demo.c"
../src/video_demo.c: In function 'main':
../src/video_demo.c:328:4: error: 'user_byte' undeclared (first use in this function)
    user_byte = (u8)XUartLite_ReadReg(BT_BASEADDR, XUL_RX_FIFO_OFFSET);
    ^~~~~~~~~
../src/video_demo.c:328:4: note: each undeclared identifier is reported only once for each function it appears in
../src/video_demo.c: In function 'DemoInitialize':
../src/video_demo.c:498:10: warning: value computed is not used [-Wunused-value]
   status == DisplayStop(&dispCtrl);
   ~~~~~~~^~~~~~~~~~~~~~~~~~~~~~~~~
../src/video_demo.c: In function 'DemoRun':
../src/video_demo.c:517:6: warning: unused variable 'status' [-Wunused-variable]
  int status;
      ^~~~~~
../src/video_demo.c: In function 'RxReceive':
../src/video_demo.c:558:6: warning: unused variable 'Status' [-Wunused-variable]
  int Status;
      ^~~~~~
make: *** [src/video_demo.o] Error 1
02:20:03 **** Auto Build of configuration Debug for project initial_demo ****
make all 
'Building file: ../src/video_demo.c'
'Invoking: MicroBlaze gcc compiler'
mb-gcc -Wall -O0 -g3 -c -fmessage-length=0 -MT"src/video_demo.o" -I../../standalone_bsp_1/microblaze_0/include -mlittle-endian -mxl-barrel-shift -mxl-pattern-compare -mno-xl-soft-div -mcpu=v10.0 -mno-xl-soft-mul -mxl-multiply-high -mhard-float -mxl-float-convert -mxl-float-sqrt -Wl,--no-relax -ffunction-sections -fdata-sections -MMD -MP -MF"src/video_demo.d" -MT"src/video_demo.o" -o "src/video_demo.o" "../src/video_demo.c"
../src/video_demo.c: In function 'DemoInitialize':
../src/video_demo.c:499:10: warning: value computed is not used [-Wunused-value]
   status == DisplayStop(&dispCtrl);
   ~~~~~~~^~~~~~~~~~~~~~~~~~~~~~~~~
../src/video_demo.c: In function 'DemoRun':
../src/video_demo.c:518:6: warning: unused variable 'status' [-Wunused-variable]
  int status;
      ^~~~~~
../src/video_demo.c: In function 'RxReceive':
../src/video_demo.c:559:6: warning: unused variable 'Status' [-Wunused-variable]
  int Status;
      ^~~~~~
../src/video_demo.c: In function 'DemoInitialize':
../src/video_demo.c:506:6: warning: 'status' may be used uninitialized in this function [-Wmaybe-uninitialized]
   if (status == XST_DMA_ERROR)
      ^
'Finished building: ../src/video_demo.c'
' '
'Building target: initial_demo.elf'
'Invoking: MicroBlaze gcc linker'
mb-gcc -Wl,-T -Wl,../src/lscript.ld -L../../standalone_bsp_1/microblaze_0/lib -mlittle-endian -mxl-barrel-shift -mxl-pattern-compare -mno-xl-soft-div -mcpu=v10.0 -mno-xl-soft-mul -mxl-multiply-high -mhard-float -mxl-float-convert -mxl-float-sqrt -Wl,--no-relax -Wl,--gc-sections -o "initial_demo.elf"  ./src/video_capture/video_capture.o  ./src/vdma/vdma.o  ./src/timer_ps/timer_ps.o  ./src/intc/intc.o  ./src/dynclk/dynclk.o  ./src/display_ctrl/display_ctrl.o  ./src/echo.o ./src/i2c_access.o ./src/iic_phyreset.o ./src/main.o ./src/platform.o ./src/platform_mb.o ./src/platform_ppc.o ./src/platform_zynq.o ./src/platform_zynqmp.o ./src/sfp.o ./src/si5324.o ./src/video_demo.o   -Wl,--start-group,-lxil,-lgcc,-lc,--end-group -Wl,--start-group,-lxil,-llwip4,-lgcc,-lc,--end-group
'Finished building target: initial_demo.elf'
' '
'Invoking: MicroBlaze Print Size'
mb-size initial_demo.elf  |tee "initial_demo.elf.size"
   text	   data	    bss	    dec	    hex	filename
 171288	   2064	9049944	9223296	 8cbc80	initial_demo.elf
'Finished building: initial_demo.elf.size'
' '
02:24:05 **** Auto Build of configuration Debug for project initial_demo ****
make all 
'Building file: ../src/video_demo.c'
'Invoking: MicroBlaze gcc compiler'
mb-gcc -Wall -O0 -g3 -c -fmessage-length=0 -MT"src/video_demo.o" -I../../standalone_bsp_1/microblaze_0/include -mlittle-endian -mxl-barrel-shift -mxl-pattern-compare -mno-xl-soft-div -mcpu=v10.0 -mno-xl-soft-mul -mxl-multiply-high -mhard-float -mxl-float-convert -mxl-float-sqrt -Wl,--no-relax -ffunction-sections -fdata-sections -MMD -MP -MF"src/video_demo.d" -MT"src/video_demo.o" -o "src/video_demo.o" "../src/video_demo.c"
../src/video_demo.c: In function 'DemoInitialize':
../src/video_demo.c:499:10: warning: value computed is not used [-Wunused-value]
   status == DisplayStop(&dispCtrl);
   ~~~~~~~^~~~~~~~~~~~~~~~~~~~~~~~~
../src/video_demo.c: In function 'DemoRun':
../src/video_demo.c:518:6: warning: unused variable 'status' [-Wunused-variable]
  int status;
      ^~~~~~
../src/video_demo.c: In function 'RxReceive':
../src/video_demo.c:558:6: warning: unused variable 'Status' [-Wunused-variable]
  int Status;
      ^~~~~~
../src/video_demo.c: In function 'DemoInitialize':
../src/video_demo.c:506:6: warning: 'status' may be used uninitialized in this function [-Wmaybe-uninitialized]
   if (status == XST_DMA_ERROR)
      ^
'Finished building: ../src/video_demo.c'
' '
'Building target: initial_demo.elf'
'Invoking: MicroBlaze gcc linker'
mb-gcc -Wl,-T -Wl,../src/lscript.ld -L../../standalone_bsp_1/microblaze_0/lib -mlittle-endian -mxl-barrel-shift -mxl-pattern-compare -mno-xl-soft-div -mcpu=v10.0 -mno-xl-soft-mul -mxl-multiply-high -mhard-float -mxl-float-convert -mxl-float-sqrt -Wl,--no-relax -Wl,--gc-sections -o "initial_demo.elf"  ./src/video_capture/video_capture.o  ./src/vdma/vdma.o  ./src/timer_ps/timer_ps.o  ./src/intc/intc.o  ./src/dynclk/dynclk.o  ./src/display_ctrl/display_ctrl.o  ./src/echo.o ./src/i2c_access.o ./src/iic_phyreset.o ./src/main.o ./src/platform.o ./src/platform_mb.o ./src/platform_ppc.o ./src/platform_zynq.o ./src/platform_zynqmp.o ./src/sfp.o ./src/si5324.o ./src/video_demo.o   -Wl,--start-group,-lxil,-lgcc,-lc,--end-group -Wl,--start-group,-lxil,-llwip4,-lgcc,-lc,--end-group
'Finished building target: initial_demo.elf'
' '
'Invoking: MicroBlaze Print Size'
mb-size initial_demo.elf  |tee "initial_demo.elf.size"
   text	   data	    bss	    dec	    hex	filename
 171252	   2064	9049948	9223264	 8cbc60	initial_demo.elf
'Finished building: initial_demo.elf.size'
' '
02:24:15 **** Auto Build of configuration Debug for project initial_demo ****
make all 
'Building file: ../src/video_demo.c'
'Invoking: MicroBlaze gcc compiler'
mb-gcc -Wall -O0 -g3 -c -fmessage-length=0 -MT"src/video_demo.o" -I../../standalone_bsp_1/microblaze_0/include -mlittle-endian -mxl-barrel-shift -mxl-pattern-compare -mno-xl-soft-div -mcpu=v10.0 -mno-xl-soft-mul -mxl-multiply-high -mhard-float -mxl-float-convert -mxl-float-sqrt -Wl,--no-relax -ffunction-sections -fdata-sections -MMD -MP -MF"src/video_demo.d" -MT"src/video_demo.o" -o "src/video_demo.o" "../src/video_demo.c"
../src/video_demo.c: In function 'DemoInitialize':
../src/video_demo.c:499:10: warning: value computed is not used [-Wunused-value]
   status == DisplayStop(&dispCtrl);
   ~~~~~~~^~~~~~~~~~~~~~~~~~~~~~~~~
../src/video_demo.c: In function 'DemoRun':
../src/video_demo.c:518:6: warning: unused variable 'status' [-Wunused-variable]
  int status;
      ^~~~~~
../src/video_demo.c: In function 'RxReceive':
../src/video_demo.c:558:6: warning: unused variable 'Status' [-Wunused-variable]
  int Status;
      ^~~~~~
../src/video_demo.c: In function 'DemoInitialize':
../src/video_demo.c:506:6: warning: 'status' may be used uninitialized in this function [-Wmaybe-uninitialized]
   if (status == XST_DMA_ERROR)
      ^
'Finished building: ../src/video_demo.c'
' '
'Building target: initial_demo.elf'
'Invoking: MicroBlaze gcc linker'
mb-gcc -Wl,-T -Wl,../src/lscript.ld -L../../standalone_bsp_1/microblaze_0/lib -mlittle-endian -mxl-barrel-shift -mxl-pattern-compare -mno-xl-soft-div -mcpu=v10.0 -mno-xl-soft-mul -mxl-multiply-high -mhard-float -mxl-float-convert -mxl-float-sqrt -Wl,--no-relax -Wl,--gc-sections -o "initial_demo.elf"  ./src/video_capture/video_capture.o  ./src/vdma/vdma.o  ./src/timer_ps/timer_ps.o  ./src/intc/intc.o  ./src/dynclk/dynclk.o  ./src/display_ctrl/display_ctrl.o  ./src/echo.o ./src/i2c_access.o ./src/iic_phyreset.o ./src/main.o ./src/platform.o ./src/platform_mb.o ./src/platform_ppc.o ./src/platform_zynq.o ./src/platform_zynqmp.o ./src/sfp.o ./src/si5324.o ./src/video_demo.o   -Wl,--start-group,-lxil,-lgcc,-lc,--end-group -Wl,--start-group,-lxil,-llwip4,-lgcc,-lc,--end-group
'Finished building target: initial_demo.elf'
' '
'Invoking: MicroBlaze Print Size'
mb-size initial_demo.elf  |tee "initial_demo.elf.size"
   text	   data	    bss	    dec	    hex	filename
 171172	   2064	9049948	9223184	 8cbc10	initial_demo.elf
'Finished building: initial_demo.elf.size'
' '
02:24:28 **** Auto Build of configuration Debug for project initial_demo ****
make all 
'Building file: ../src/video_demo.c'
'Invoking: MicroBlaze gcc compiler'
mb-gcc -Wall -O0 -g3 -c -fmessage-length=0 -MT"src/video_demo.o" -I../../standalone_bsp_1/microblaze_0/include -mlittle-endian -mxl-barrel-shift -mxl-pattern-compare -mno-xl-soft-div -mcpu=v10.0 -mno-xl-soft-mul -mxl-multiply-high -mhard-float -mxl-float-convert -mxl-float-sqrt -Wl,--no-relax -ffunction-sections -fdata-sections -MMD -MP -MF"src/video_demo.d" -MT"src/video_demo.o" -o "src/video_demo.o" "../src/video_demo.c"
../src/video_demo.c: In function 'DemoInitialize':
../src/video_demo.c:499:10: warning: value computed is not used [-Wunused-value]
   status == DisplayStop(&dispCtrl);
   ~~~~~~~^~~~~~~~~~~~~~~~~~~~~~~~~
../src/video_demo.c: In function 'DemoRun':
../src/video_demo.c:518:6: warning: unused variable 'status' [-Wunused-variable]
  int status;
      ^~~~~~
../src/video_demo.c: In function 'RxReceive':
../src/video_demo.c:558:6: warning: unused variable 'Status' [-Wunused-variable]
  int Status;
      ^~~~~~
../src/video_demo.c: In function 'DemoInitialize':
../src/video_demo.c:506:6: warning: 'status' may be used uninitialized in this function [-Wmaybe-uninitialized]
   if (status == XST_DMA_ERROR)
      ^
'Finished building: ../src/video_demo.c'
' '
'Building target: initial_demo.elf'
'Invoking: MicroBlaze gcc linker'
mb-gcc -Wl,-T -Wl,../src/lscript.ld -L../../standalone_bsp_1/microblaze_0/lib -mlittle-endian -mxl-barrel-shift -mxl-pattern-compare -mno-xl-soft-div -mcpu=v10.0 -mno-xl-soft-mul -mxl-multiply-high -mhard-float -mxl-float-convert -mxl-float-sqrt -Wl,--no-relax -Wl,--gc-sections -o "initial_demo.elf"  ./src/video_capture/video_capture.o  ./src/vdma/vdma.o  ./src/timer_ps/timer_ps.o  ./src/intc/intc.o  ./src/dynclk/dynclk.o  ./src/display_ctrl/display_ctrl.o  ./src/echo.o ./src/i2c_access.o ./src/iic_phyreset.o ./src/main.o ./src/platform.o ./src/platform_mb.o ./src/platform_ppc.o ./src/platform_zynq.o ./src/platform_zynqmp.o ./src/sfp.o ./src/si5324.o ./src/video_demo.o   -Wl,--start-group,-lxil,-lgcc,-lc,--end-group -Wl,--start-group,-lxil,-llwip4,-lgcc,-lc,--end-group
'Finished building target: initial_demo.elf'
' '
'Invoking: MicroBlaze Print Size'
mb-size initial_demo.elf  |tee "initial_demo.elf.size"
   text	   data	    bss	    dec	    hex	filename
 171132	   2064	9049948	9223144	 8cbbe8	initial_demo.elf
'Finished building: initial_demo.elf.size'
' '
02:24:43 **** Auto Build of configuration Debug for project initial_demo ****
make all 
'Building file: ../src/video_demo.c'
'Invoking: MicroBlaze gcc compiler'
mb-gcc -Wall -O0 -g3 -c -fmessage-length=0 -MT"src/video_demo.o" -I../../standalone_bsp_1/microblaze_0/include -mlittle-endian -mxl-barrel-shift -mxl-pattern-compare -mno-xl-soft-div -mcpu=v10.0 -mno-xl-soft-mul -mxl-multiply-high -mhard-float -mxl-float-convert -mxl-float-sqrt -Wl,--no-relax -ffunction-sections -fdata-sections -MMD -MP -MF"src/video_demo.d" -MT"src/video_demo.o" -o "src/video_demo.o" "../src/video_demo.c"
../src/video_demo.c: In function 'DemoInitialize':
../src/video_demo.c:499:10: warning: value computed is not used [-Wunused-value]
   status == DisplayStop(&dispCtrl);
   ~~~~~~~^~~~~~~~~~~~~~~~~~~~~~~~~
../src/video_demo.c: In function 'DemoRun':
../src/video_demo.c:518:6: warning: unused variable 'status' [-Wunused-variable]
  int status;
      ^~~~~~
../src/video_demo.c: In function 'RxReceive':
../src/video_demo.c:558:6: warning: unused variable 'Status' [-Wunused-variable]
  int Status;
      ^~~~~~
../src/video_demo.c: In function 'DemoInitialize':
../src/video_demo.c:506:6: warning: 'status' may be used uninitialized in this function [-Wmaybe-uninitialized]
   if (status == XST_DMA_ERROR)
      ^
'Finished building: ../src/video_demo.c'
' '
'Building target: initial_demo.elf'
'Invoking: MicroBlaze gcc linker'
mb-gcc -Wl,-T -Wl,../src/lscript.ld -L../../standalone_bsp_1/microblaze_0/lib -mlittle-endian -mxl-barrel-shift -mxl-pattern-compare -mno-xl-soft-div -mcpu=v10.0 -mno-xl-soft-mul -mxl-multiply-high -mhard-float -mxl-float-convert -mxl-float-sqrt -Wl,--no-relax -Wl,--gc-sections -o "initial_demo.elf"  ./src/video_capture/video_capture.o  ./src/vdma/vdma.o  ./src/timer_ps/timer_ps.o  ./src/intc/intc.o  ./src/dynclk/dynclk.o  ./src/display_ctrl/display_ctrl.o  ./src/echo.o ./src/i2c_access.o ./src/iic_phyreset.o ./src/main.o ./src/platform.o ./src/platform_mb.o ./src/platform_ppc.o ./src/platform_zynq.o ./src/platform_zynqmp.o ./src/sfp.o ./src/si5324.o ./src/video_demo.o   -Wl,--start-group,-lxil,-lgcc,-lc,--end-group -Wl,--start-group,-lxil,-llwip4,-lgcc,-lc,--end-group
'Finished building target: initial_demo.elf'
' '
'Invoking: MicroBlaze Print Size'
mb-size initial_demo.elf  |tee "initial_demo.elf.size"
   text	   data	    bss	    dec	    hex	filename
 171060	   2064	9049948	9223072	 8cbba0	initial_demo.elf
'Finished building: initial_demo.elf.size'
' '
02:24:49 **** Incremental Build of configuration Debug for project initial_demo ****
make all 
make: Nothing to be done for `all'.
02:25:47 **** Incremental Build of configuration Debug for project initial_demo ****
make all 
make: Nothing to be done for `all'.
02:29:08 **** Incremental Build of configuration Debug for project initial_demo ****
make all 
make: Nothing to be done for `all'.
02:32:01 **** Auto Build of configuration Debug for project initial_demo ****
make all 
'Building file: ../src/video_demo.c'
'Invoking: MicroBlaze gcc compiler'
mb-gcc -Wall -O0 -g3 -c -fmessage-length=0 -MT"src/video_demo.o" -I../../standalone_bsp_1/microblaze_0/include -mlittle-endian -mxl-barrel-shift -mxl-pattern-compare -mno-xl-soft-div -mcpu=v10.0 -mno-xl-soft-mul -mxl-multiply-high -mhard-float -mxl-float-convert -mxl-float-sqrt -Wl,--no-relax -ffunction-sections -fdata-sections -MMD -MP -MF"src/video_demo.d" -MT"src/video_demo.o" -o "src/video_demo.o" "../src/video_demo.c"
../src/video_demo.c: In function 'DemoInitialize':
../src/video_demo.c:497:10: warning: value computed is not used [-Wunused-value]
   status == DisplayStop(&dispCtrl);
   ~~~~~~~^~~~~~~~~~~~~~~~~~~~~~~~~
../src/video_demo.c: In function 'DemoRun':
../src/video_demo.c:516:6: warning: unused variable 'status' [-Wunused-variable]
  int status;
      ^~~~~~
../src/video_demo.c: In function 'RxReceive':
../src/video_demo.c:556:6: warning: unused variable 'Status' [-Wunused-variable]
  int Status;
      ^~~~~~
../src/video_demo.c: In function 'DemoInitialize':
../src/video_demo.c:504:6: warning: 'status' may be used uninitialized in this function [-Wmaybe-uninitialized]
   if (status == XST_DMA_ERROR)
      ^
'Finished building: ../src/video_demo.c'
' '
'Building target: initial_demo.elf'
'Invoking: MicroBlaze gcc linker'
mb-gcc -Wl,-T -Wl,../src/lscript.ld -L../../standalone_bsp_1/microblaze_0/lib -mlittle-endian -mxl-barrel-shift -mxl-pattern-compare -mno-xl-soft-div -mcpu=v10.0 -mno-xl-soft-mul -mxl-multiply-high -mhard-float -mxl-float-convert -mxl-float-sqrt -Wl,--no-relax -Wl,--gc-sections -o "initial_demo.elf"  ./src/video_capture/video_capture.o  ./src/vdma/vdma.o  ./src/timer_ps/timer_ps.o  ./src/intc/intc.o  ./src/dynclk/dynclk.o  ./src/display_ctrl/display_ctrl.o  ./src/echo.o ./src/i2c_access.o ./src/iic_phyreset.o ./src/main.o ./src/platform.o ./src/platform_mb.o ./src/platform_ppc.o ./src/platform_zynq.o ./src/platform_zynqmp.o ./src/sfp.o ./src/si5324.o ./src/video_demo.o   -Wl,--start-group,-lxil,-lgcc,-lc,--end-group -Wl,--start-group,-lxil,-llwip4,-lgcc,-lc,--end-group
'Finished building target: initial_demo.elf'
' '
'Invoking: MicroBlaze Print Size'
mb-size initial_demo.elf  |tee "initial_demo.elf.size"
   text	   data	    bss	    dec	    hex	filename
 170988	   2064	9049948	9223000	 8cbb58	initial_demo.elf
'Finished building: initial_demo.elf.size'
' '
02:32:23 **** Auto Build of configuration Debug for project initial_demo ****
make all 
'Building file: ../src/video_demo.c'
'Invoking: MicroBlaze gcc compiler'
mb-gcc -Wall -O0 -g3 -c -fmessage-length=0 -MT"src/video_demo.o" -I../../standalone_bsp_1/microblaze_0/include -mlittle-endian -mxl-barrel-shift -mxl-pattern-compare -mno-xl-soft-div -mcpu=v10.0 -mno-xl-soft-mul -mxl-multiply-high -mhard-float -mxl-float-convert -mxl-float-sqrt -Wl,--no-relax -ffunction-sections -fdata-sections -MMD -MP -MF"src/video_demo.d" -MT"src/video_demo.o" -o "src/video_demo.o" "../src/video_demo.c"
../src/video_demo.c: In function 'DemoInitialize':
../src/video_demo.c:497:10: warning: value computed is not used [-Wunused-value]
   status == DisplayStop(&dispCtrl);
   ~~~~~~~^~~~~~~~~~~~~~~~~~~~~~~~~
../src/video_demo.c: In function 'DemoRun':
../src/video_demo.c:516:6: warning: unused variable 'status' [-Wunused-variable]
  int status;
      ^~~~~~
../src/video_demo.c: In function 'RxReceive':
../src/video_demo.c:556:6: warning: unused variable 'Status' [-Wunused-variable]
  int Status;
      ^~~~~~
../src/video_demo.c: In function 'DemoInitialize':
../src/video_demo.c:504:6: warning: 'status' may be used uninitialized in this function [-Wmaybe-uninitialized]
   if (status == XST_DMA_ERROR)
      ^
'Finished building: ../src/video_demo.c'
' '
'Building target: initial_demo.elf'
'Invoking: MicroBlaze gcc linker'
mb-gcc -Wl,-T -Wl,../src/lscript.ld -L../../standalone_bsp_1/microblaze_0/lib -mlittle-endian -mxl-barrel-shift -mxl-pattern-compare -mno-xl-soft-div -mcpu=v10.0 -mno-xl-soft-mul -mxl-multiply-high -mhard-float -mxl-float-convert -mxl-float-sqrt -Wl,--no-relax -Wl,--gc-sections -o "initial_demo.elf"  ./src/video_capture/video_capture.o  ./src/vdma/vdma.o  ./src/timer_ps/timer_ps.o  ./src/intc/intc.o  ./src/dynclk/dynclk.o  ./src/display_ctrl/display_ctrl.o  ./src/echo.o ./src/i2c_access.o ./src/iic_phyreset.o ./src/main.o ./src/platform.o ./src/platform_mb.o ./src/platform_ppc.o ./src/platform_zynq.o ./src/platform_zynqmp.o ./src/sfp.o ./src/si5324.o ./src/video_demo.o   -Wl,--start-group,-lxil,-lgcc,-lc,--end-group -Wl,--start-group,-lxil,-llwip4,-lgcc,-lc,--end-group
'Finished building target: initial_demo.elf'
' '
'Invoking: MicroBlaze Print Size'
mb-size initial_demo.elf  |tee "initial_demo.elf.size"
   text	   data	    bss	    dec	    hex	filename
 170988	   2064	9049948	9223000	 8cbb58	initial_demo.elf
'Finished building: initial_demo.elf.size'
' '
02:34:48 **** Auto Build of configuration Debug for project initial_demo ****
make all 
'Building file: ../src/video_demo.c'
'Invoking: MicroBlaze gcc compiler'
mb-gcc -Wall -O0 -g3 -c -fmessage-length=0 -MT"src/video_demo.o" -I../../standalone_bsp_1/microblaze_0/include -mlittle-endian -mxl-barrel-shift -mxl-pattern-compare -mno-xl-soft-div -mcpu=v10.0 -mno-xl-soft-mul -mxl-multiply-high -mhard-float -mxl-float-convert -mxl-float-sqrt -Wl,--no-relax -ffunction-sections -fdata-sections -MMD -MP -MF"src/video_demo.d" -MT"src/video_demo.o" -o "src/video_demo.o" "../src/video_demo.c"
../src/video_demo.c: In function 'main':
../src/video_demo.c:332:14: warning: passing argument 1 of 'strcmp' makes pointer from integer without a cast [-Wint-conversion]
    if(strcmp(user_byte,"red") == 0){
              ^~~~~~~~~
In file included from e:\vivado_2018.2\sdk\2018.2\gnu\microblaze\nt\microblaze-xilinx-elf\include\stdio.h:29:0,
                 from ../src/video_demo.c:34:
e:\vivado_2018.2\sdk\2018.2\gnu\microblaze\nt\microblaze-xilinx-elf\include\string.h:28:6: note: expected 'const char *' but argument is of type 'char'
 int  _EXFUN(strcmp,(const char *, const char *));
      ^
../src/video_demo.c:334:5: warning: implicit declaration of function 'set_thresholds' [-Wimplicit-function-declaration]
     set_thresholds(240,150, 1);
     ^~~~~~~~~~~~~~
../src/video_demo.c:337:19: warning: passing argument 1 of 'strcmp' makes pointer from integer without a cast [-Wint-conversion]
    else if(strcmp(user_byte,"green") == 0){
                   ^~~~~~~~~
In file included from e:\vivado_2018.2\sdk\2018.2\gnu\microblaze\nt\microblaze-xilinx-elf\include\stdio.h:29:0,
                 from ../src/video_demo.c:34:
e:\vivado_2018.2\sdk\2018.2\gnu\microblaze\nt\microblaze-xilinx-elf\include\string.h:28:6: note: expected 'const char *' but argument is of type 'char'
 int  _EXFUN(strcmp,(const char *, const char *));
      ^
../src/video_demo.c: In function 'DemoInitialize':
../src/video_demo.c:510:10: warning: value computed is not used [-Wunused-value]
   status == DisplayStop(&dispCtrl);
   ~~~~~~~^~~~~~~~~~~~~~~~~~~~~~~~~
../src/video_demo.c: In function 'DemoRun':
../src/video_demo.c:529:6: warning: unused variable 'status' [-Wunused-variable]
  int status;
      ^~~~~~
../src/video_demo.c: In function 'RxReceive':
../src/video_demo.c:569:6: warning: unused variable 'Status' [-Wunused-variable]
  int Status;
      ^~~~~~
../src/video_demo.c: At top level:
../src/video_demo.c:622:6: warning: conflicting types for 'set_thresholds'
 void set_thresholds(int t1,int t2, int t3){
      ^~~~~~~~~~~~~~
../src/video_demo.c:334:5: note: previous implicit declaration of 'set_thresholds' was here
     set_thresholds(240,150, 1);
     ^~~~~~~~~~~~~~
../src/video_demo.c: In function 'DemoInitialize':
../src/video_demo.c:517:6: warning: 'status' may be used uninitialized in this function [-Wmaybe-uninitialized]
   if (status == XST_DMA_ERROR)
      ^
'Finished building: ../src/video_demo.c'
' '
'Building target: initial_demo.elf'
'Invoking: MicroBlaze gcc linker'
mb-gcc -Wl,-T -Wl,../src/lscript.ld -L../../standalone_bsp_1/microblaze_0/lib -mlittle-endian -mxl-barrel-shift -mxl-pattern-compare -mno-xl-soft-div -mcpu=v10.0 -mno-xl-soft-mul -mxl-multiply-high -mhard-float -mxl-float-convert -mxl-float-sqrt -Wl,--no-relax -Wl,--gc-sections -o "initial_demo.elf"  ./src/video_capture/video_capture.o  ./src/vdma/vdma.o  ./src/timer_ps/timer_ps.o  ./src/intc/intc.o  ./src/dynclk/dynclk.o  ./src/display_ctrl/display_ctrl.o  ./src/echo.o ./src/i2c_access.o ./src/iic_phyreset.o ./src/main.o ./src/platform.o ./src/platform_mb.o ./src/platform_ppc.o ./src/platform_zynq.o ./src/platform_zynqmp.o ./src/sfp.o ./src/si5324.o ./src/video_demo.o   -Wl,--start-group,-lxil,-lgcc,-lc,--end-group -Wl,--start-group,-lxil,-llwip4,-lgcc,-lc,--end-group
'Finished building target: initial_demo.elf'
' '
'Invoking: MicroBlaze Print Size'
mb-size initial_demo.elf  |tee "initial_demo.elf.size"
   text	   data	    bss	    dec	    hex	filename
 171380	   2064	9049948	9223392	 8cbce0	initial_demo.elf
'Finished building: initial_demo.elf.size'
' '
02:35:09 **** Incremental Build of configuration Debug for project initial_demo ****
make all 
make: Nothing to be done for `all'.
02:36:40 **** Auto Build of configuration Debug for project initial_demo ****
make all 
'Building file: ../src/video_demo.c'
'Invoking: MicroBlaze gcc compiler'
mb-gcc -Wall -O0 -g3 -c -fmessage-length=0 -MT"src/video_demo.o" -I../../standalone_bsp_1/microblaze_0/include -mlittle-endian -mxl-barrel-shift -mxl-pattern-compare -mno-xl-soft-div -mcpu=v10.0 -mno-xl-soft-mul -mxl-multiply-high -mhard-float -mxl-float-convert -mxl-float-sqrt -Wl,--no-relax -ffunction-sections -fdata-sections -MMD -MP -MF"src/video_demo.d" -MT"src/video_demo.o" -o "src/video_demo.o" "../src/video_demo.c"
../src/video_demo.c: In function 'main':
../src/video_demo.c:332:14: warning: passing argument 1 of 'strcmp' makes pointer from integer without a cast [-Wint-conversion]
    if(strcmp(user_byte,"red") == 0){
              ^~~~~~~~~
In file included from e:\vivado_2018.2\sdk\2018.2\gnu\microblaze\nt\microblaze-xilinx-elf\include\stdio.h:29:0,
                 from ../src/video_demo.c:34:
e:\vivado_2018.2\sdk\2018.2\gnu\microblaze\nt\microblaze-xilinx-elf\include\string.h:28:6: note: expected 'const char *' but argument is of type 'char'
 int  _EXFUN(strcmp,(const char *, const char *));
      ^
../src/video_demo.c:334:5: warning: implicit declaration of function 'set_thresholds' [-Wimplicit-function-declaration]
     set_thresholds(240,150, 1);
     ^~~~~~~~~~~~~~
../src/video_demo.c:337:19: warning: passing argument 1 of 'strcmp' makes pointer from integer without a cast [-Wint-conversion]
    else if(strcmp(user_byte,"green") == 0){
                   ^~~~~~~~~
In file included from e:\vivado_2018.2\sdk\2018.2\gnu\microblaze\nt\microblaze-xilinx-elf\include\stdio.h:29:0,
                 from ../src/video_demo.c:34:
e:\vivado_2018.2\sdk\2018.2\gnu\microblaze\nt\microblaze-xilinx-elf\include\string.h:28:6: note: expected 'const char *' but argument is of type 'char'
 int  _EXFUN(strcmp,(const char *, const char *));
      ^
../src/video_demo.c:308:7: warning: unused variable 'new_color' [-Wunused-variable]
  char new_color[10];
       ^~~~~~~~~
../src/video_demo.c: In function 'DemoInitialize':
../src/video_demo.c:510:10: warning: value computed is not used [-Wunused-value]
   status == DisplayStop(&dispCtrl);
   ~~~~~~~^~~~~~~~~~~~~~~~~~~~~~~~~
../src/video_demo.c: In function 'DemoRun':
../src/video_demo.c:529:6: warning: unused variable 'status' [-Wunused-variable]
  int status;
      ^~~~~~
../src/video_demo.c: In function 'RxReceive':
../src/video_demo.c:569:6: warning: unused variable 'Status' [-Wunused-variable]
  int Status;
      ^~~~~~
../src/video_demo.c: At top level:
../src/video_demo.c:622:6: warning: conflicting types for 'set_thresholds'
 void set_thresholds(int t1,int t2, int t3){
      ^~~~~~~~~~~~~~
../src/video_demo.c:334:5: note: previous implicit declaration of 'set_thresholds' was here
     set_thresholds(240,150, 1);
     ^~~~~~~~~~~~~~
../src/video_demo.c: In function 'DemoInitialize':
../src/video_demo.c:517:6: warning: 'status' may be used uninitialized in this function [-Wmaybe-uninitialized]
   if (status == XST_DMA_ERROR)
      ^
'Finished building: ../src/video_demo.c'
' '
'Building target: initial_demo.elf'
'Invoking: MicroBlaze gcc linker'
mb-gcc -Wl,-T -Wl,../src/lscript.ld -L../../standalone_bsp_1/microblaze_0/lib -mlittle-endian -mxl-barrel-shift -mxl-pattern-compare -mno-xl-soft-div -mcpu=v10.0 -mno-xl-soft-mul -mxl-multiply-high -mhard-float -mxl-float-convert -mxl-float-sqrt -Wl,--no-relax -Wl,--gc-sections -o "initial_demo.elf"  ./src/video_capture/video_capture.o  ./src/vdma/vdma.o  ./src/timer_ps/timer_ps.o  ./src/intc/intc.o  ./src/dynclk/dynclk.o  ./src/display_ctrl/display_ctrl.o  ./src/echo.o ./src/i2c_access.o ./src/iic_phyreset.o ./src/main.o ./src/platform.o ./src/platform_mb.o ./src/platform_ppc.o ./src/platform_zynq.o ./src/platform_zynqmp.o ./src/sfp.o ./src/si5324.o ./src/video_demo.o   -Wl,--start-group,-lxil,-lgcc,-lc,--end-group -Wl,--start-group,-lxil,-llwip4,-lgcc,-lc,--end-group
'Finished building target: initial_demo.elf'
' '
'Invoking: MicroBlaze Print Size'
mb-size initial_demo.elf  |tee "initial_demo.elf.size"
   text	   data	    bss	    dec	    hex	filename
 171380	   2064	9049948	9223392	 8cbce0	initial_demo.elf
'Finished building: initial_demo.elf.size'
' '
02:37:43 **** Auto Build of configuration Debug for project initial_demo ****
make all 
'Building file: ../src/video_demo.c'
'Invoking: MicroBlaze gcc compiler'
mb-gcc -Wall -O0 -g3 -c -fmessage-length=0 -MT"src/video_demo.o" -I../../standalone_bsp_1/microblaze_0/include -mlittle-endian -mxl-barrel-shift -mxl-pattern-compare -mno-xl-soft-div -mcpu=v10.0 -mno-xl-soft-mul -mxl-multiply-high -mhard-float -mxl-float-convert -mxl-float-sqrt -Wl,--no-relax -ffunction-sections -fdata-sections -MMD -MP -MF"src/video_demo.d" -MT"src/video_demo.o" -o "src/video_demo.o" "../src/video_demo.c"
../src/video_demo.c: In function 'main':
../src/video_demo.c:308:23: error: invalid initializer
  char new_color[10] = '\0';
                       ^~~~
../src/video_demo.c:331:11: error: 'str' undeclared (first use in this function); did you mean 'sbr'?
    strcat(str, "strings ");
           ^~~
           sbr
../src/video_demo.c:331:11: note: each undeclared identifier is reported only once for each function it appears in
../src/video_demo.c:333:14: warning: passing argument 1 of 'strcmp' makes pointer from integer without a cast [-Wint-conversion]
    if(strcmp(user_byte,"red") == 0){
              ^~~~~~~~~
In file included from e:\vivado_2018.2\sdk\2018.2\gnu\microblaze\nt\microblaze-xilinx-elf\include\stdio.h:29:0,
                 from ../src/video_demo.c:34:
e:\vivado_2018.2\sdk\2018.2\gnu\microblaze\nt\microblaze-xilinx-elf\include\string.h:28:6: note: expected 'const char *' but argument is of type 'char'
 int  _EXFUN(strcmp,(const char *, const char *));
      ^
../src/video_demo.c:335:5: warning: implicit declaration of function 'set_thresholds' [-Wimplicit-function-declaration]
     set_thresholds(240,150, 1);
     ^~~~~~~~~~~~~~
../src/video_demo.c:338:19: warning: passing argument 1 of 'strcmp' makes pointer from integer without a cast [-Wint-conversion]
    else if(strcmp(user_byte,"green") == 0){
                   ^~~~~~~~~
In file included from e:\vivado_2018.2\sdk\2018.2\gnu\microblaze\nt\microblaze-xilinx-elf\include\stdio.h:29:0,
                 from ../src/video_demo.c:34:
e:\vivado_2018.2\sdk\2018.2\gnu\microblaze\nt\microblaze-xilinx-elf\include\string.h:28:6: note: expected 'const char *' but argument is of type 'char'
 int  _EXFUN(strcmp,(const char *, const char *));
      ^
../src/video_demo.c:308:7: warning: unused variable 'new_color' [-Wunused-variable]
  char new_color[10] = '\0';
       ^~~~~~~~~
../src/video_demo.c: In function 'DemoInitialize':
../src/video_demo.c:511:10: warning: value computed is not used [-Wunused-value]
   status == DisplayStop(&dispCtrl);
   ~~~~~~~^~~~~~~~~~~~~~~~~~~~~~~~~
../src/video_demo.c: In function 'DemoRun':
../src/video_demo.c:530:6: warning: unused variable 'status' [-Wunused-variable]
  int status;
      ^~~~~~
../src/video_demo.c: In function 'RxReceive':
../src/video_demo.c:570:6: warning: unused variable 'Status' [-Wunused-variable]
  int Status;
      ^~~~~~
../src/video_demo.c: At top level:
../src/video_demo.c:623:6: warning: conflicting types for 'set_thresholds'
 void set_thresholds(int t1,int t2, int t3){
      ^~~~~~~~~~~~~~
../src/video_demo.c:335:5: note: previous implicit declaration of 'set_thresholds' was here
     set_thresholds(240,150, 1);
     ^~~~~~~~~~~~~~
make: *** [src/video_demo.o] Error 1
02:37:57 **** Auto Build of configuration Debug for project initial_demo ****
make all 
'Building file: ../src/video_demo.c'
'Invoking: MicroBlaze gcc compiler'
mb-gcc -Wall -O0 -g3 -c -fmessage-length=0 -MT"src/video_demo.o" -I../../standalone_bsp_1/microblaze_0/include -mlittle-endian -mxl-barrel-shift -mxl-pattern-compare -mno-xl-soft-div -mcpu=v10.0 -mno-xl-soft-mul -mxl-multiply-high -mhard-float -mxl-float-convert -mxl-float-sqrt -Wl,--no-relax -ffunction-sections -fdata-sections -MMD -MP -MF"src/video_demo.d" -MT"src/video_demo.o" -o "src/video_demo.o" "../src/video_demo.c"
../src/video_demo.c: In function 'main':
../src/video_demo.c:308:23: error: invalid initializer
  char new_color[10] = '\0';
                       ^~~~
../src/video_demo.c:331:22: warning: passing argument 2 of 'strcat' makes pointer from integer without a cast [-Wint-conversion]
    strcat(new_color, user_byte);
                      ^~~~~~~~~
In file included from e:\vivado_2018.2\sdk\2018.2\gnu\microblaze\nt\microblaze-xilinx-elf\include\stdio.h:29:0,
                 from ../src/video_demo.c:34:
e:\vivado_2018.2\sdk\2018.2\gnu\microblaze\nt\microblaze-xilinx-elf\include\string.h:26:8: note: expected 'const char * restrict' but argument is of type 'char'
 char  *_EXFUN(strcat,(char *__restrict, const char *__restrict));
        ^
../src/video_demo.c:333:14: warning: passing argument 1 of 'strcmp' makes pointer from integer without a cast [-Wint-conversion]
    if(strcmp(user_byte,"red") == 0){
              ^~~~~~~~~
In file included from e:\vivado_2018.2\sdk\2018.2\gnu\microblaze\nt\microblaze-xilinx-elf\include\stdio.h:29:0,
                 from ../src/video_demo.c:34:
e:\vivado_2018.2\sdk\2018.2\gnu\microblaze\nt\microblaze-xilinx-elf\include\string.h:28:6: note: expected 'const char *' but argument is of type 'char'
 int  _EXFUN(strcmp,(const char *, const char *));
      ^
../src/video_demo.c:335:5: warning: implicit declaration of function 'set_thresholds' [-Wimplicit-function-declaration]
     set_thresholds(240,150, 1);
     ^~~~~~~~~~~~~~
../src/video_demo.c:338:19: warning: passing argument 1 of 'strcmp' makes pointer from integer without a cast [-Wint-conversion]
    else if(strcmp(user_byte,"green") == 0){
                   ^~~~~~~~~
In file included from e:\vivado_2018.2\sdk\2018.2\gnu\microblaze\nt\microblaze-xilinx-elf\include\stdio.h:29:0,
                 from ../src/video_demo.c:34:
e:\vivado_2018.2\sdk\2018.2\gnu\microblaze\nt\microblaze-xilinx-elf\include\string.h:28:6: note: expected 'const char *' but argument is of type 'char'
 int  _EXFUN(strcmp,(const char *, const char *));
      ^
../src/video_demo.c: In function 'DemoInitialize':
[...]
../src/video_demo.c: In function 'main':
../src/video_demo.c:309:7: warning: unused variable 'previous_data' [-Wunused-variable]
  char previous_data[10];
       ^~~~~~~~~~~~~
../src/video_demo.c:308:15: warning: unused variable 'new_color_index' [-Wunused-variable]
  volatile int new_color_index = 0;
               ^~~~~~~~~~~~~~~
../src/video_demo.c: In function 'DemoInitialize':
../src/video_demo.c:594:10: warning: value computed is not used [-Wunused-value]
   status == DisplayStop(&dispCtrl);
   ~~~~~~~^~~~~~~~~~~~~~~~~~~~~~~~~
../src/video_demo.c: In function 'DemoRun':
../src/video_demo.c:613:6: warning: unused variable 'status' [-Wunused-variable]
  int status;
      ^~~~~~
../src/video_demo.c: In function 'RxReceive':
../src/video_demo.c:678:8: warning: unused variable 'send_string3' [-Wunused-variable]
   char send_string3[30];
        ^~~~~~~~~~~~
../src/video_demo.c:677:8: warning: unused variable 'send_string2' [-Wunused-variable]
   char send_string2[30];
        ^~~~~~~~~~~~
../src/video_demo.c:653:6: warning: unused variable 'Status' [-Wunused-variable]
  int Status;
      ^~~~~~
../src/video_demo.c: In function 'DemoInitialize':
../src/video_demo.c:601:6: warning: 'status' may be used uninitialized in this function [-Wmaybe-uninitialized]
   if (status == XST_DMA_ERROR)
      ^
'Finished building: ../src/video_demo.c'
' '
'Building target: initial_demo.elf'
'Invoking: MicroBlaze gcc linker'
mb-gcc -Wl,-T -Wl,../src/lscript.ld -L../../standalone_bsp_1/microblaze_0/lib -mlittle-endian -mxl-barrel-shift -mxl-pattern-compare -mno-xl-soft-div -mcpu=v10.0 -mno-xl-soft-mul -mxl-multiply-high -mhard-float -mxl-float-convert -mxl-float-sqrt -Wl,--no-relax -Wl,--gc-sections -o "initial_demo.elf"  ./src/video_capture/video_capture.o  ./src/vdma/vdma.o  ./src/timer_ps/timer_ps.o  ./src/intc/intc.o  ./src/dynclk/dynclk.o  ./src/display_ctrl/display_ctrl.o  ./src/echo.o ./src/i2c_access.o ./src/iic_phyreset.o ./src/main.o ./src/platform.o ./src/platform_mb.o ./src/platform_ppc.o ./src/platform_zynq.o ./src/platform_zynqmp.o ./src/sfp.o ./src/si5324.o ./src/video_demo.o   -Wl,--start-group,-lxil,-lgcc,-lc,--end-group -Wl,--start-group,-lxil,-llwip4,-lgcc,-lc,--end-group
'Finished building target: initial_demo.elf'
' '
'Invoking: MicroBlaze Print Size'
mb-size initial_demo.elf  |tee "initial_demo.elf.size"
   text	   data	    bss	    dec	    hex	filename
 172744	   2064	9049944	9224752	 8cc230	initial_demo.elf
'Finished building: initial_demo.elf.size'
' '
07:22:53 **** Incremental Build of configuration Debug for project initial_demo ****
make all 
make: Nothing to be done for `all'.
08:34:14 **** Incremental Build of configuration Debug for project initial_demo ****
make all 
'Building file: ../src/video_demo.c'
'Invoking: MicroBlaze gcc compiler'
mb-gcc -Wall -O0 -g3 -c -fmessage-length=0 -MT"src/video_demo.o" -I../../standalone_bsp_1/microblaze_0/include -mlittle-endian -mxl-barrel-shift -mxl-pattern-compare -mno-xl-soft-div -mcpu=v10.0 -mno-xl-soft-mul -mxl-multiply-high -mhard-float -mxl-float-convert -mxl-float-sqrt -Wl,--no-relax -ffunction-sections -fdata-sections -MMD -MP -MF"src/video_demo.d" -MT"src/video_demo.o" -o "src/video_demo.o" "../src/video_demo.c"
../src/video_demo.c: In function 'main':
../src/video_demo.c:342:5: error: unknown type name 'qqint'; did you mean 'uint'?
     qqint counter = 100000;
     ^~~~~
     uint
../src/video_demo.c:348:23: error: unknown type name 'qwqqq'
    new_data[1] = '\0';qwqqq
                       ^~~~~
../src/video_demo.c:349:15: error: expected declaration specifiers or '...' before string constant
    xil_printf("new_data = %s\n", new_data );
               ^~~~~~~~~~~~~~~~~
../src/video_demo.c:349:34: error: expected declaration specifiers or '...' before 'new_data'
    xil_printf("new_data = %s\n", new_data );
                                  ^~~~~~~~
../src/video_demo.c:309:7: warning: unused variable 'previous_data' [-Wunused-variable]
  char previous_data[10];
       ^~~~~~~~~~~~~
../src/video_demo.c:308:15: warning: unused variable 'new_color_index' [-Wunused-variable]
  volatile int new_color_index = 0;
               ^~~~~~~~~~~~~~~
../src/video_demo.c: In function 'DemoInitialize':
../src/video_demo.c:594:10: warning: value computed is not used [-Wunused-value]
   status == DisplayStop(&dispCtrl);
   ~~~~~~~^~~~~~~~~~~~~~~~~~~~~~~~~
../src/video_demo.c: In function 'DemoRun':
../src/video_demo.c:613:6: warning: unused variable 'status' [-Wunused-variable]
  int status;
      ^~~~~~
../src/video_demo.c: In function 'RxReceive':
../src/video_demo.c:678:8: warning: unused variable 'send_string3' [-Wunused-variable]
   char send_string3[30];
        ^~~~~~~~~~~~
../src/video_demo.c:677:8: warning: unused variable 'send_string2' [-Wunused-variable]
   char send_string2[30];
        ^~~~~~~~~~~~
../src/video_demo.c:653:6: warning: unused variable 'Status' [-Wunused-variable]
  int Status;
      ^~~~~~
make: *** [src/video_demo.o] Error 1
08:34:25 **** Auto Build of configuration Debug for project initial_demo ****
make all 
'Building file: ../src/video_demo.c'
'Invoking: MicroBlaze gcc compiler'
mb-gcc -Wall -O0 -g3 -c -fmessage-length=0 -MT"src/video_demo.o" -I../../standalone_bsp_1/microblaze_0/include -mlittle-endian -mxl-barrel-shift -mxl-pattern-compare -mno-xl-soft-div -mcpu=v10.0 -mno-xl-soft-mul -mxl-multiply-high -mhard-float -mxl-float-convert -mxl-float-sqrt -Wl,--no-relax -ffunction-sections -fdata-sections -MMD -MP -MF"src/video_demo.d" -MT"src/video_demo.o" -o "src/video_demo.o" "../src/video_demo.c"
../src/video_demo.c: In function 'main':
../src/video_demo.c:348:23: error: unknown type name 'qwqqq'
    new_data[1] = '\0';qwqqq
                       ^~~~~
../src/video_demo.c:349:15: error: expected declaration specifiers or '...' before string constant
    xil_printf("new_data = %s\n", new_data );
               ^~~~~~~~~~~~~~~~~
../src/video_demo.c:349:34: error: expected declaration specifiers or '...' before 'new_data'
    xil_printf("new_data = %s\n", new_data );
                                  ^~~~~~~~
../src/video_demo.c:309:7: warning: unused variable 'previous_data' [-Wunused-variable]
  char previous_data[10];
       ^~~~~~~~~~~~~
../src/video_demo.c:308:15: warning: unused variable 'new_color_index' [-Wunused-variable]
  volatile int new_color_index = 0;
               ^~~~~~~~~~~~~~~
../src/video_demo.c: In function 'DemoInitialize':
../src/video_demo.c:594:10: warning: value computed is not used [-Wunused-value]
   status == DisplayStop(&dispCtrl);
   ~~~~~~~^~~~~~~~~~~~~~~~~~~~~~~~~
../src/video_demo.c: In function 'DemoRun':
../src/video_demo.c:613:6: warning: unused variable 'status' [-Wunused-variable]
  int status;
      ^~~~~~
../src/video_demo.c: In function 'RxReceive':
../src/video_demo.c:678:8: warning: unused variable 'send_string3' [-Wunused-variable]
   char send_string3[30];
        ^~~~~~~~~~~~
../src/video_demo.c:677:8: warning: unused variable 'send_string2' [-Wunused-variable]
   char send_string2[30];
        ^~~~~~~~~~~~
../src/video_demo.c:653:6: warning: unused variable 'Status' [-Wunused-variable]
  int Status;
      ^~~~~~
make: *** [src/video_demo.o] Error 1
08:34:30 **** Incremental Build of configuration Debug for project initial_demo ****
make all 
'Building file: ../src/video_demo.c'
'Invoking: MicroBlaze gcc compiler'
mb-gcc -Wall -O0 -g3 -c -fmessage-length=0 -MT"src/video_demo.o" -I../../standalone_bsp_1/microblaze_0/include -mlittle-endian -mxl-barrel-shift -mxl-pattern-compare -mno-xl-soft-div -mcpu=v10.0 -mno-xl-soft-mul -mxl-multiply-high -mhard-float -mxl-float-convert -mxl-float-sqrt -Wl,--no-relax -ffunction-sections -fdata-sections -MMD -MP -MF"src/video_demo.d" -MT"src/video_demo.o" -o "src/video_demo.o" "../src/video_demo.c"
../src/video_demo.c: In function 'main':
../src/video_demo.c:348:23: error: unknown type name 'qwqqq'
    new_data[1] = '\0';qwqqq
                       ^~~~~
../src/video_demo.c:349:15: error: expected declaration specifiers or '...' before string constant
    xil_printf("new_data = %s\n", new_data );
               ^~~~~~~~~~~~~~~~~
../src/video_demo.c:349:34: error: expected declaration specifiers or '...' before 'new_data'
    xil_printf("new_data = %s\n", new_data );
                                  ^~~~~~~~
../src/video_demo.c:309:7: warning: unused variable 'previous_data' [-Wunused-variable]
  char previous_data[10];
       ^~~~~~~~~~~~~
../src/video_demo.c:308:15: warning: unused variable 'new_color_index' [-Wunused-variable]
  volatile int new_color_index = 0;
               ^~~~~~~~~~~~~~~
../src/video_demo.c: In function 'DemoInitialize':
../src/video_demo.c:594:10: warning: value computed is not used [-Wunused-value]
   status == DisplayStop(&dispCtrl);
   ~~~~~~~^~~~~~~~~~~~~~~~~~~~~~~~~
../src/video_demo.c: In function 'DemoRun':
../src/video_demo.c:613:6: warning: unused variable 'status' [-Wunused-variable]
  int status;
      ^~~~~~
../src/video_demo.c: In function 'RxReceive':
../src/video_demo.c:678:8: warning: unused variable 'send_string3' [-Wunused-variable]
   char send_string3[30];
        ^~~~~~~~~~~~
../src/video_demo.c:677:8: warning: unused variable 'send_string2' [-Wunused-variable]
   char send_string2[30];
        ^~~~~~~~~~~~
../src/video_demo.c:653:6: warning: unused variable 'Status' [-Wunused-variable]
  int Status;
      ^~~~~~
make: *** [src/video_demo.o] Error 1
08:34:40 **** Auto Build of configuration Debug for project initial_demo ****
make all 
'Building file: ../src/video_demo.c'
'Invoking: MicroBlaze gcc compiler'
mb-gcc -Wall -O0 -g3 -c -fmessage-length=0 -MT"src/video_demo.o" -I../../standalone_bsp_1/microblaze_0/include -mlittle-endian -mxl-barrel-shift -mxl-pattern-compare -mno-xl-soft-div -mcpu=v10.0 -mno-xl-soft-mul -mxl-multiply-high -mhard-float -mxl-float-convert -mxl-float-sqrt -Wl,--no-relax -ffunction-sections -fdata-sections -MMD -MP -MF"src/video_demo.d" -MT"src/video_demo.o" -o "src/video_demo.o" "../src/video_demo.c"
../src/video_demo.c: In function 'main':
../src/video_demo.c:309:7: warning: unused variable 'previous_data' [-Wunused-variable]
  char previous_data[10];
       ^~~~~~~~~~~~~
../src/video_demo.c:308:15: warning: unused variable 'new_color_index' [-Wunused-variable]
  volatile int new_color_index = 0;
               ^~~~~~~~~~~~~~~
../src/video_demo.c: In function 'DemoInitialize':
../src/video_demo.c:594:10: warning: value computed is not used [-Wunused-value]
   status == DisplayStop(&dispCtrl);
   ~~~~~~~^~~~~~~~~~~~~~~~~~~~~~~~~
../src/video_demo.c: In function 'DemoRun':
../src/video_demo.c:613:6: warning: unused variable 'status' [-Wunused-variable]
  int status;
      ^~~~~~
../src/video_demo.c: In function 'RxReceive':
../src/video_demo.c:678:8: warning: unused variable 'send_string3' [-Wunused-variable]
   char send_string3[30];
        ^~~~~~~~~~~~
../src/video_demo.c:677:8: warning: unused variable 'send_string2' [-Wunused-variable]
   char send_string2[30];
        ^~~~~~~~~~~~
../src/video_demo.c:653:6: warning: unused variable 'Status' [-Wunused-variable]
  int Status;
      ^~~~~~
../src/video_demo.c: In function 'DemoInitialize':
../src/video_demo.c:601:6: warning: 'status' may be used uninitialized in this function [-Wmaybe-uninitialized]
   if (status == XST_DMA_ERROR)
      ^
'Finished building: ../src/video_demo.c'
' '
'Building target: initial_demo.elf'
'Invoking: MicroBlaze gcc linker'
mb-gcc -Wl,-T -Wl,../src/lscript.ld -L../../standalone_bsp_1/microblaze_0/lib -mlittle-endian -mxl-barrel-shift -mxl-pattern-compare -mno-xl-soft-div -mcpu=v10.0 -mno-xl-soft-mul -mxl-multiply-high -mhard-float -mxl-float-convert -mxl-float-sqrt -Wl,--no-relax -Wl,--gc-sections -o "initial_demo.elf"  ./src/video_capture/video_capture.o  ./src/vdma/vdma.o  ./src/timer_ps/timer_ps.o  ./src/intc/intc.o  ./src/dynclk/dynclk.o  ./src/display_ctrl/display_ctrl.o  ./src/echo.o ./src/i2c_access.o ./src/iic_phyreset.o ./src/main.o ./src/platform.o ./src/platform_mb.o ./src/platform_ppc.o ./src/platform_zynq.o ./src/platform_zynqmp.o ./src/sfp.o ./src/si5324.o ./src/video_demo.o   -Wl,--start-group,-lxil,-lgcc,-lc,--end-group -Wl,--start-group,-lxil,-llwip4,-lgcc,-lc,--end-group
'Finished building target: initial_demo.elf'
' '
'Invoking: MicroBlaze Print Size'
mb-size initial_demo.elf  |tee "initial_demo.elf.size"
   text	   data	    bss	    dec	    hex	filename
 172744	   2064	9049944	9224752	 8cc230	initial_demo.elf
'Finished building: initial_demo.elf.size'
' '
08:34:59 **** Incremental Build of configuration Debug for project initial_demo ****
make all 
make: Nothing to be done for `all'.
08:35:52 **** Incremental Build of configuration Debug for project initial_demo ****
make all 
make: Nothing to be done for `all'.
08:41:17 **** Incremental Build of configuration Debug for project initial_demo ****
make all 
make: Nothing to be done for `all'.
08:50:30 **** Incremental Build of configuration Debug for project initial_demo ****
make all 
make: Nothing to be done for `all'.
08:56:13 **** Incremental Build of configuration Debug for project initial_demo ****
make all 
make: Nothing to be done for `all'.
08:59:29 **** Incremental Build of configuration Debug for project initial_demo ****
make all 
make: Nothing to be done for `all'.
09:01:26 **** Incremental Build of configuration Debug for project initial_demo ****
make all 
make: Nothing to be done for `all'.
09:04:09 **** Incremental Build of configuration Debug for project initial_demo ****
make all 
make: Nothing to be done for `all'.
09:06:14 **** Incremental Build of configuration Debug for project initial_demo ****
make all 
make: Nothing to be done for `all'.
09:21:05 **** Incremental Build of configuration Debug for project initial_demo ****
make all 
'Building file: ../src/video_demo.c'
'Invoking: MicroBlaze gcc compiler'
mb-gcc -Wall -O0 -g3 -c -fmessage-length=0 -MT"src/video_demo.o" -I../../standalone_bsp_1/microblaze_0/include -mlittle-endian -mxl-barrel-shift -mxl-pattern-compare -mno-xl-soft-div -mcpu=v10.0 -mno-xl-soft-mul -mxl-multiply-high -mhard-float -mxl-float-convert -mxl-float-sqrt -Wl,--no-relax -ffunction-sections -fdata-sections -MMD -MP -MF"src/video_demo.d" -MT"src/video_demo.o" -o "src/video_demo.o" "../src/video_demo.c"
../src/video_demo.c: In function 'main':
../src/video_demo.c:348:23: error: unknown type name 'q'
    new_data[1] = '\0';q
                       ^
../src/video_demo.c:349:15: error: expected declaration specifiers or '...' before string constant
    xil_printf("new_data = %s\n", new_data );
               ^~~~~~~~~~~~~~~~~
../src/video_demo.c:349:34: error: expected declaration specifiers or '...' before 'new_data'
    xil_printf("new_data = %s\n", new_data );
                                  ^~~~~~~~
../src/video_demo.c:309:7: warning: unused variable 'previous_data' [-Wunused-variable]
  char previous_data[10];
       ^~~~~~~~~~~~~
../src/video_demo.c:308:15: warning: unused variable 'new_color_index' [-Wunused-variable]
  volatile int new_color_index = 0;
               ^~~~~~~~~~~~~~~
../src/video_demo.c: In function 'DemoInitialize':
../src/video_demo.c:594:10: warning: value computed is not used [-Wunused-value]
   status == DisplayStop(&dispCtrl);
   ~~~~~~~^~~~~~~~~~~~~~~~~~~~~~~~~
../src/video_demo.c: In function 'DemoRun':
../src/video_demo.c:613:6: warning: unused variable 'status' [-Wunused-variable]
  int status;
      ^~~~~~
../src/video_demo.c: In function 'RxReceive':
../src/video_demo.c:678:8: warning: unused variable 'send_string3' [-Wunused-variable]
   char send_string3[30];
        ^~~~~~~~~~~~
../src/video_demo.c:677:8: warning: unused variable 'send_string2' [-Wunused-variable]
   char send_string2[30];
        ^~~~~~~~~~~~
../src/video_demo.c:653:6: warning: unused variable 'Status' [-Wunused-variable]
  int Status;
      ^~~~~~
make: *** [src/video_demo.o] Error 1
09:22:23 **** Auto Build of configuration Debug for project initial_demo ****
make all 
'Building file: ../src/video_demo.c'
'Invoking: MicroBlaze gcc compiler'
mb-gcc -Wall -O0 -g3 -c -fmessage-length=0 -MT"src/video_demo.o" -I../../standalone_bsp_1/microblaze_0/include -mlittle-endian -mxl-barrel-shift -mxl-pattern-compare -mno-xl-soft-div -mcpu=v10.0 -mno-xl-soft-mul -mxl-multiply-high -mhard-float -mxl-float-convert -mxl-float-sqrt -Wl,--no-relax -ffunction-sections -fdata-sections -MMD -MP -MF"src/video_demo.d" -MT"src/video_demo.o" -o "src/video_demo.o" "../src/video_demo.c"
../src/video_demo.c: In function 'main':
../src/video_demo.c:309:7: warning: unused variable 'previous_data' [-Wunused-variable]
  char previous_data[10];
       ^~~~~~~~~~~~~
../src/video_demo.c:308:15: warning: unused variable 'new_color_index' [-Wunused-variable]
  volatile int new_color_index = 0;
               ^~~~~~~~~~~~~~~
../src/video_demo.c: In function 'DemoInitialize':
../src/video_demo.c:594:10: warning: value computed is not used [-Wunused-value]
   status == DisplayStop(&dispCtrl);
   ~~~~~~~^~~~~~~~~~~~~~~~~~~~~~~~~
../src/video_demo.c: In function 'DemoRun':
../src/video_demo.c:613:6: warning: unused variable 'status' [-Wunused-variable]
  int status;
      ^~~~~~
../src/video_demo.c: In function 'RxReceive':
../src/video_demo.c:678:8: warning: unused variable 'send_string3' [-Wunused-variable]
   char send_string3[30];
        ^~~~~~~~~~~~
../src/video_demo.c:677:8: warning: unused variable 'send_string2' [-Wunused-variable]
   char send_string2[30];
        ^~~~~~~~~~~~
../src/video_demo.c:653:6: warning: unused variable 'Status' [-Wunused-variable]
  int Status;
      ^~~~~~
../src/video_demo.c: In function 'DemoInitialize':
../src/video_demo.c:601:6: warning: 'status' may be used uninitialized in this function [-Wmaybe-uninitialized]
   if (status == XST_DMA_ERROR)
      ^
'Finished building: ../src/video_demo.c'
' '
'Building target: initial_demo.elf'
'Invoking: MicroBlaze gcc linker'
mb-gcc -Wl,-T -Wl,../src/lscript.ld -L../../standalone_bsp_1/microblaze_0/lib -mlittle-endian -mxl-barrel-shift -mxl-pattern-compare -mno-xl-soft-div -mcpu=v10.0 -mno-xl-soft-mul -mxl-multiply-high -mhard-float -mxl-float-convert -mxl-float-sqrt -Wl,--no-relax -Wl,--gc-sections -o "initial_demo.elf"  ./src/video_capture/video_capture.o  ./src/vdma/vdma.o  ./src/timer_ps/timer_ps.o  ./src/intc/intc.o  ./src/dynclk/dynclk.o  ./src/display_ctrl/display_ctrl.o  ./src/echo.o ./src/i2c_access.o ./src/iic_phyreset.o ./src/main.o ./src/platform.o ./src/platform_mb.o ./src/platform_ppc.o ./src/platform_zynq.o ./src/platform_zynqmp.o ./src/sfp.o ./src/si5324.o ./src/video_demo.o   -Wl,--start-group,-lxil,-lgcc,-lc,--end-group -Wl,--start-group,-lxil,-llwip4,-lgcc,-lc,--end-group
'Finished building target: initial_demo.elf'
' '
'Invoking: MicroBlaze Print Size'
mb-size initial_demo.elf  |tee "initial_demo.elf.size"
   text	   data	    bss	    dec	    hex	filename
 172744	   2064	9049944	9224752	 8cc230	initial_demo.elf
'Finished building: initial_demo.elf.size'
' '
09:22:27 **** Incremental Build of configuration Debug for project initial_demo ****
make all 
make: Nothing to be done for `all'.
09:27:25 **** Incremental Build of configuration Debug for project initial_demo ****
make all 
make: Nothing to be done for `all'.
09:30:07 **** Incremental Build of configuration Debug for project initial_demo ****
make all 
make: Nothing to be done for `all'.
09:35:49 **** Incremental Build of configuration Debug for project initial_demo ****
make all 
make: Nothing to be done for `all'.
09:38:06 **** Incremental Build of configuration Debug for project initial_demo ****
make all 
make: Nothing to be done for `all'.
